// Jest Snapshot v1, https://goo.gl/fbAQLP

exports[`Check that it renders 1`] = `
ShallowWrapper {
  "length": 1,
  Symbol(enzyme.__root__): [Circular],
  Symbol(enzyme.__unrendered__): <PageLayoutFrontpage />,
  Symbol(enzyme.__renderer__): Object {
    "batchedUpdates": [Function],
    "getNode": [Function],
    "render": [Function],
    "simulateEvent": [Function],
    "unmount": [Function],
  },
  Symbol(enzyme.__node__): Object {
    "instance": null,
    "key": undefined,
    "nodeType": "host",
    "props": Object {
      "children": <CustomizedFabric>
        <div
                className="ms-Grid"
        >
                <div
                        className="ms-Grid-row"
                >
                        <div
                                className="ms-Grid-col ms-sm12 "
                        />
                </div>
                <div
                        className="ms-Grid-row"
                >
                        <NavigationFooter />
                </div>
        </div>
</CustomizedFabric>,
      "className": "Appxx",
    },
    "ref": null,
    "rendered": Object {
      "instance": null,
      "key": undefined,
      "nodeType": "class",
      "props": Object {
        "children": <div
          className="ms-Grid"
>
          <div
                    className="ms-Grid-row"
          >
                    <div
                              className="ms-Grid-col ms-sm12 "
                    />
          </div>
          <div
                    className="ms-Grid-row"
          >
                    <NavigationFooter />
          </div>
</div>,
      },
      "ref": null,
      "rendered": Object {
        "instance": null,
        "key": undefined,
        "nodeType": "host",
        "props": Object {
          "children": Array [
            <div
              className="ms-Grid-row"
>
              <div
                            className="ms-Grid-col ms-sm12 "
              />
</div>,
            <div
              className="ms-Grid-row"
>
              <NavigationFooter />
</div>,
          ],
          "className": "ms-Grid",
        },
        "ref": null,
        "rendered": Array [
          Object {
            "instance": null,
            "key": undefined,
            "nodeType": "host",
            "props": Object {
              "children": <div
                className="ms-Grid-col ms-sm12 "
/>,
              "className": "ms-Grid-row",
            },
            "ref": null,
            "rendered": Object {
              "instance": null,
              "key": undefined,
              "nodeType": "host",
              "props": Object {
                "children": undefined,
                "className": "ms-Grid-col ms-sm12 ",
              },
              "ref": null,
              "rendered": null,
              "type": "div",
            },
            "type": "div",
          },
          Object {
            "instance": null,
            "key": undefined,
            "nodeType": "host",
            "props": Object {
              "children": <NavigationFooter />,
              "className": "ms-Grid-row",
            },
            "ref": null,
            "rendered": Object {
              "instance": null,
              "key": undefined,
              "nodeType": "class",
              "props": Object {},
              "ref": null,
              "rendered": null,
              "type": [Function],
            },
            "type": "div",
          },
        ],
        "type": "div",
      },
      "type": [Function],
    },
    "type": "div",
  },
  Symbol(enzyme.__nodes__): Array [
    Object {
      "instance": null,
      "key": undefined,
      "nodeType": "host",
      "props": Object {
        "children": <CustomizedFabric>
          <div
                    className="ms-Grid"
          >
                    <div
                              className="ms-Grid-row"
                    >
                              <div
                                        className="ms-Grid-col ms-sm12 "
                              />
                    </div>
                    <div
                              className="ms-Grid-row"
                    >
                              <NavigationFooter />
                    </div>
          </div>
</CustomizedFabric>,
        "className": "Appxx",
      },
      "ref": null,
      "rendered": Object {
        "instance": null,
        "key": undefined,
        "nodeType": "class",
        "props": Object {
          "children": <div
            className="ms-Grid"
>
            <div
                        className="ms-Grid-row"
            >
                        <div
                                    className="ms-Grid-col ms-sm12 "
                        />
            </div>
            <div
                        className="ms-Grid-row"
            >
                        <NavigationFooter />
            </div>
</div>,
        },
        "ref": null,
        "rendered": Object {
          "instance": null,
          "key": undefined,
          "nodeType": "host",
          "props": Object {
            "children": Array [
              <div
                className="ms-Grid-row"
>
                <div
                                className="ms-Grid-col ms-sm12 "
                />
</div>,
              <div
                className="ms-Grid-row"
>
                <NavigationFooter />
</div>,
            ],
            "className": "ms-Grid",
          },
          "ref": null,
          "rendered": Array [
            Object {
              "instance": null,
              "key": undefined,
              "nodeType": "host",
              "props": Object {
                "children": <div
                  className="ms-Grid-col ms-sm12 "
/>,
                "className": "ms-Grid-row",
              },
              "ref": null,
              "rendered": Object {
                "instance": null,
                "key": undefined,
                "nodeType": "host",
                "props": Object {
                  "children": undefined,
                  "className": "ms-Grid-col ms-sm12 ",
                },
                "ref": null,
                "rendered": null,
                "type": "div",
              },
              "type": "div",
            },
            Object {
              "instance": null,
              "key": undefined,
              "nodeType": "host",
              "props": Object {
                "children": <NavigationFooter />,
                "className": "ms-Grid-row",
              },
              "ref": null,
              "rendered": Object {
                "instance": null,
                "key": undefined,
                "nodeType": "class",
                "props": Object {},
                "ref": null,
                "rendered": null,
                "type": [Function],
              },
              "type": "div",
            },
          ],
          "type": "div",
        },
        "type": [Function],
      },
      "type": "div",
    },
  ],
  Symbol(enzyme.__options__): Object {
    "adapter": ReactSixteenAdapter {
      "options": Object {
        "enableComponentDidUpdateOnSetState": true,
      },
    },
  },
}
`;
