// Jest Snapshot v1, https://goo.gl/fbAQLP

exports[`Check that it renders 1`] = `
Object {
  "sheets": Array [
    Object {
      "data": Array [],
      "name": "About",
    },
    Object {
      "data": Array [
        Object {
          "the PERIODIC TABLE of": "YOUR CONTEXT",
        },
        Object {
          "__EMPTY_1": "Author",
          "__EMPTY_5": "Niels Gregers Johansen",
        },
        Object {
          "__EMPTY_1": "Email",
          "__EMPTY_5": "niels@jumpto365.com",
        },
        Object {
          "__EMPTY_1": "License",
          "__EMPTY_5": "MIT",
        },
        Object {
          "__EMPTY_1": "Revision",
          "__EMPTY_5": "A1",
        },
      ],
      "name": "of Template",
    },
    Object {
      "data": Array [
        Object {
          "Which tool When": "MEETING PREPERATIONS",
          "__EMPTY_7": "Author",
          "__EMPTY_8": "Credits",
          "__EMPTY_9": "License",
        },
        Object {
          "__EMPTY_7": "Niels Gregers Johansen",
        },
        Object {
          "Which tool When": "Area",
          "__EMPTY": "Task",
          "__EMPTY_1": "Best",
          "__EMPTY_10": "da",
          "__EMPTY_2": "Better ",
          "__EMPTY_3": "Worse",
          "__EMPTY_4": "Worst",
          "__EMPTY_5": "No go",
          "__EMPTY_6": "Tags",
          "__EMPTY_7": "Preview",
          "__EMPTY_8": "Url",
          "__EMPTY_9": "en",
        },
        Object {
          "Which tool When": "Prepare",
          "__EMPTY_9": "Collaboration",
        },
        Object {
          "__EMPTY": "Collaborate on creating a memo with someone else",
          "__EMPTY_1": "OneDrive",
          "__EMPTY_10": "Rediger et dokument samtidig med en anden inden publisering",
          "__EMPTY_6": "File Storage & Collaboration",
          "__EMPTY_7": "https://static.makeuseof.com/wp-content/uploads/2015/11/manage-shared-files-drive-670x335.jpg",
          "__EMPTY_8": "https://www.dr.dk",
        },
        Object {
          "__EMPTY": "Collaborate on creating a agenda with someone else",
          "__EMPTY_1": "OneDrive",
          "__EMPTY_10": "Rediger et dokument samtidig med en anden inden publisering",
          "__EMPTY_6": "File Storage & Collaboration",
          "__EMPTY_7": "https://st2.depositphotos.com/6741230/11510/v/950/depositphotos_115106712-stock-illustration-agenda-list-icon-vector-illustration.jpg",
          "__EMPTY_8": "https://www.dr.dk",
        },
        Object {
          "__EMPTY": "Save and Edit Personal document",
          "__EMPTY_1": "OneDrive",
          "__EMPTY_10": "Gem og rediger personlige dokumenter",
          "__EMPTY_4": "Outlook",
          "__EMPTY_7": "https://fthmb.tqn.com/2Mb91JHmRFuWlYNoKk0xy5IyrwE=/768x0/filters:no_upscale():max_bytes(150000):strip_icc()/iStock-596780340-edit-word-free-58c8489c5f9b58af5c2ee4c1.jpg",
        },
        Object {
          "__EMPTY": "Make an anonymous survey",
          "__EMPTY_10": "Stil et spørgsmål uden at vide, hvem der har svaret",
          "__EMPTY_2": "Tavlen",
          "__EMPTY_3": "skype",
          "__EMPTY_4": "Outlook",
          "__EMPTY_7": "http://www.sogosurvey.com/blog/wp-content/uploads/2016/02/When-to-Make-a-Survey-Anonymous-1024x638.jpg",
        },
        Object {
          "__EMPTY": "Setup a site for long lasting dialogue",
          "__EMPTY_1": "Tavlen",
          "__EMPTY_10": "Opret en debat om et emne med forventet længere levetid",
          "__EMPTY_4": "Projekt,Outlook",
          "__EMPTY_7": "https://www.procurious.com/blog-content/2015/12/Discussion-Forum.jpg",
        },
        Object {
          "__EMPTY": "Make a poll for a specifc group of persons",
          "__EMPTY_1": "Afstemning",
          "__EMPTY_10": "Opret en afstemning eller undersøgelse for en bestemt gruppe",
          "__EMPTY_3": "Projekt",
          "__EMPTY_7": "http://www.afd-techtalk.com/wp-content/uploads/2018/02/poll-time.jpg",
        },
        Object {
          "__EMPTY": "Send a document for proof reading",
          "__EMPTY_1": "Projekt",
          "__EMPTY_10": "Send et dokument til korrektur",
          "__EMPTY_3": "onedrive",
          "__EMPTY_7": "https://juliaproofreader.files.wordpress.com/2014/04/whizz.jpg",
        },
        Object {
          "__EMPTY_3": "outlook",
        },
        Object {
          "__EMPTY": "Invite a colleague for lunch",
          "__EMPTY_1": "Skype",
          "__EMPTY_10": "Inviter en kollega til frokost",
          "__EMPTY_3": "Outlook",
          "__EMPTY_7": "http://st4.styapokupayu.ru/images/blog_posts/covers/000/157/712_large.jpg?1456488984",
        },
        Object {
          "__EMPTY": "Create an interactive and creative presentation",
          "__EMPTY_1": "Sway",
          "__EMPTY_10": "Skab en interaktiv og kreativ præsentation til et møde",
          "__EMPTY_7": "http://focusky.com/learning-center/wp-content/uploads/2017/04/creative-presentation-ideas-to-create-extraordinary-presentation-2.png",
        },
        Object {
          "__EMPTY": "Invite specific persons to a meeting",
          "__EMPTY_1": "Outlook",
          "__EMPTY_10": "Inviter udvalgte personer til et møde",
          "__EMPTY_2": "Teams",
          "__EMPTY_7": "http://1.bp.blogspot.com/-S3fbBqWwuPs/Th8R4MdzZZI/AAAAAAAABb8/nd1hr8Grto0/s1600/meeting.gif",
        },
        Object {
          "__EMPTY": "Self serviced booking of you or your team",
          "__EMPTY_1": "Booking",
          "__EMPTY_10": "Selvbetjent booking af dig eller dit team",
          "__EMPTY_2": "Outlook",
          "__EMPTY_7": "https://blog.one.com/wp-content/uploads/2016/02/teambooking.png",
        },
        Object {
          "Which tool When": "Meet",
          "__EMPTY_9": "Communication",
        },
        Object {
          "__EMPTY": "Deltag i en chat med en kollega/samarbejdspartner",
          "__EMPTY_10": "Deltag i en chat med en kollega/samarbejdspartner",
          "__EMPTY_2": "Newsfeed",
          "__EMPTY_4": "Outlook",
          "__EMPTY_6": "Informal",
          "__EMPTY_7": "https://img.freepik.com/free-vector/messenger-application-to-chat-in-flat-style_23-2147804300.jpg?size=338&ext=jpg",
        },
        Object {
          "__EMPTY": "Conduct an online-meeting with your team or a colleague",
          "__EMPTY_1": "Skype",
          "__EMPTY_10": "Afhold et online-møde med dit team eller en kollega",
          "__EMPTY_7": "https://www.videonations.co.uk/wp-content/uploads/2015/01/Meeting-room-video-collaboration.jpg",
        },
        Object {
          "__EMPTY": "Conduct an online-meeting with external",
          "__EMPTY_1": "Skype",
          "__EMPTY_10": "Afhold et online-møde med eksterne",
          "__EMPTY_2": "Teams",
          "__EMPTY_3": "Skype (personal)",
          "__EMPTY_7": "https://www.videonations.co.uk/wp-content/uploads/2015/01/Meeting-room-video-collaboration.jpg",
        },
        Object {
          "__EMPTY_2": "Goto Meeting",
          "__EMPTY_7": "https://www.videonations.co.uk/wp-content/uploads/2015/01/Meeting-room-video-collaboration.jpg",
        },
        Object {
          "__EMPTY": "Make notes (shareable as well as individual) from a meeting",
          "__EMPTY_1": "OneNote",
          "__EMPTY_10": "Tag noter (fælles såvel som individuelt) fra et møde",
          "__EMPTY_4": "Outlook",
          "__EMPTY_7": "https://cdn.lynda.com/course/373782/373782-636247511734821922-16x9.jpg",
        },
        Object {
          "__EMPTY": "Assign task to specific persons",
          "__EMPTY_1": "Planner",
          "__EMPTY_10": "Tildel opgaver til specifikke personer ",
          "__EMPTY_3": "Kanban",
          "__EMPTY_4": "Project",
          "__EMPTY_7": "https://encrypted-tbn0.gstatic.com/images?q=tbn:ANd9GcRRJC1JKuF6LNQcvq52GwxrfPiDxGHL9luGLiiLVsWls_2zRNOq",
        },
        Object {
          "__EMPTY": "Assign task to general roles",
          "__EMPTY_1": "Projekt",
          "__EMPTY_10": "Tildel opgaver til generelle roller",
          "__EMPTY_7": "http://creativeskillset.org/assets/0002/1683/Art_Roles_VFX_large.png",
        },
        Object {
          "__EMPTY": "Vær kreativ",
          "__EMPTY_2": "Tegne",
          "__EMPTY_7": "http://www.kb.dk/export/sites/kb_dk/da/Billedgalleri/KULT/Udstillinger/winding_28_1000px.jpg",
        },
      ],
      "name": "for Meetings",
    },
    Object {
      "data": Array [
        Object {
          "1": "dynamics365",
          "8": "sway",
          "__EMPTY": "1",
          "__EMPTY_16": "Presentations",
        },
        Object {
          "1": "stream",
          "2": "visio",
          "5": "word",
          "6": "excel",
          "7": "onenote",
          "8": "powerpoint",
          "__EMPTY": "2",
          "__EMPTY_16": "Office Online",
        },
        Object {
          "3": "Employee\\\\nProfiles",
        },
        Object {
          "1": "sharepoint",
          "2": "onedrive",
          "3": "delve",
          "5": "forms",
          "6": "powerapps",
          "7": "flow",
          "8": "powerbi",
          "__EMPTY": "3",
          "__EMPTY_1": "File Storage & Collaboration",
          "__EMPTY_16": "Business App Platform",
          "__EMPTY_9": "Forms",
        },
        Object {
          "1": "mail",
          "2": "calendar",
          "3": "people",
          "4": "tasks",
          "6": "todo",
          "7": "planner",
          "8": "project",
          "__EMPTY": "4",
          "__EMPTY_1": "Outlook",
          "__EMPTY_11": "Task\\\\nManagement",
          "__EMPTY_16": "Project Management",
          "__EMPTY_2": "Outlook",
          "__EMPTY_3": "Outlook",
          "__EMPTY_4": "Outlook",
          "__EMPTY_5": "Outlook",
          "__EMPTY_6": "Outlook",
          "__EMPTY_7": "Outlook",
        },
        Object {
          "1": "skype",
          "2": "teams",
          "3": "ServiceNow",
          "4": "yammer",
          "7": "bookings",
          "8": "staffhub",
          "__EMPTY": "5",
          "__EMPTY_1": "Chat & Conferencing",
          "__EMPTY_11": "Social\\\\nNetworking",
          "__EMPTY_16": "Small Business Applications",
        },
        Object {
          "1": "Direct Communication",
        },
      ],
      "name": "of Office365",
    },
    Object {
      "data": Array [
        Object {
          "Tags": "red",
        },
        Object {
          "Tags": "green",
        },
        Object {
          "Tags": "yellow",
        },
      ],
      "name": "tags",
    },
    Object {
      "data": Array [
        Object {
          "Content": "https://hexatown.github.io/docs/microsoft/office365/Bookings",
          "Name": "bookings",
          "color": "#25abb2",
          "icon": "https://jumpto365.com/resources/images/app/Bookings.png",
        },
        Object {
          "Content": "https://hexatown.github.io/docs/microsoft/office365/Calendar",
          "Link": "https://outlook.office.com/owa/?path=/calendar/view/Day",
          "Name": "calendar",
          "color": "#2072b9",
          "icon": "https://jumpto365.com/resources/images/app/Calendar.png",
        },
        Object {
          "Content": "https://hexatown.github.io/docs/microsoft/office365/Delve",
          "Name": "delve",
          "color": "#1c7bb9",
          "icon": "https://jumpto365.com/resources/images/app/Delve.png",
        },
        Object {
          "Content": "https://hexatown.github.io/docs/microsoft/office365/Dynamics",
          "Name": "dynamics365",
          "color": "#15224e",
          "icon": "https://jumpto365.com/resources/images/app/Dynamics.png",
        },
        Object {
          "Content": "https://hexatown.github.io/docs/microsoft/office365/Excel",
          "Link": "https://office.live.com/start/Excel.aspx",
          "Name": "excel",
          "color": "#02723b",
          "icon": "https://jumpto365.com/resources/images/app/Excel.png",
        },
        Object {
          "Content": "https://hexatown.github.io/docs/microsoft/office365/Flow",
          "Link": "https://flow.microsoft.com/en-us/",
          "Name": "flow",
          "color": "#0077ff",
          "icon": "https://jumpto365.com/resources/images/app/Flow.png",
        },
        Object {
          "Content": "https://hexatown.github.io/docs/microsoft/office365/Forms",
          "Link": "https://forms.office.com/",
          "Name": "forms",
          "color": "#008271",
          "icon": "https://jumpto365.com/resources/images/app/Forms.png",
        },
        Object {
          "Content": "https://hexatown.github.io/docs/microsoft/office365/Mail",
          "Link": "https://outlook.office.com/owa/",
          "Name": "mail",
          "color": "#2072b9",
          "icon": "https://jumpto365.com/resources/images/app/Mail.png",
        },
        Object {
          "Content": "https://hexatown.github.io/docs/microsoft/office365/Newsfeed",
          "Name": "newsfeed",
          "color": "#0072c6",
          "icon": "https://jumpto365.com/resources/images/app/Newsfeed.png",
        },
        Object {
          "Content": "https://hexatown.github.io/docs/microsoft/office365/OneDrive",
          "Name": "onedrive",
          "color": "#1174c3",
          "icon": "https://jumpto365.com/resources/images/app/OneDrive.png",
        },
        Object {
          "Content": "https://hexatown.github.io/docs/microsoft/office365/OneNote",
          "Link": "https://www.onenote.com/notebooks",
          "Name": "onenote",
          "color": "#80397b",
          "icon": "https://jumpto365.com/resources/images/app/OneNote.png",
        },
        Object {
          "Content": "https://hexatown.github.io/docs/microsoft/office365/People",
          "Link": "https://outlook.office.com/owa/?path=/people",
          "Name": "people",
          "color": "#2072b9",
          "icon": "https://jumpto365.com/resources/images/app/People.png",
        },
        Object {
          "Content": "https://hexatown.github.io/docs/microsoft/office365/Planner",
          "Link": "https://tasks.office.com/",
          "Name": "planner",
          "color": "#3c853c",
          "icon": "https://jumpto365.com/resources/images/app/Planner.png",
        },
        Object {
          "Content": "https://hexatown.github.io/docs/microsoft/office365/PowerApps",
          "Link": "https://web.powerapps.com/home",
          "Name": "powerapps",
          "color": "#742774",
          "icon": "https://jumpto365.com/resources/images/app/PowerApps.png",
        },
        Object {
          "Content": "https://hexatown.github.io/docs/microsoft/office365/Power-BI",
          "Link": "https://app.powerbi.com/",
          "Name": "powerbi",
          "color": "#f2c811",
          "icon": "https://jumpto365.com/resources/images/app/Power-BI.png",
        },
        Object {
          "Content": "https://hexatown.github.io/docs/microsoft/office365/PowerPoint",
          "Link": "https://office.live.com/start/PowerPoint.aspx",
          "Name": "powerpoint",
          "color": "#d24726",
          "icon": "https://jumpto365.com/resources/images/app/PowerPoint.png",
        },
        Object {
          "Content": "https://hexatown.github.io/docs/microsoft/office365/Project",
          "Link": "http://www.microsoftproject-online.com/",
          "Name": "project",
          "color": "#2f722d",
          "icon": "https://jumpto365.com/resources/images/app/Project.png",
        },
        Object {
          "Content": "https://hexatown.github.io/docs/microsoft/office365/SharePoint",
          "Name": "sharepoint",
          "color": "#0072c6",
          "icon": "https://jumpto365.com/resources/images/app/SharePoint.png",
        },
        Object {
          "Content": "https://hexatown.github.io/docs/microsoft/office365/Skype",
          "Name": "skype",
          "color": "#00aff0",
          "icon": "https://jumpto365.com/resources/images/app/Skype.png",
        },
        Object {
          "Content": "https://hexatown.github.io/docs/microsoft/office365/StaffHub",
          "Name": "staffhub",
          "color": "#25c8c2",
          "icon": "https://jumpto365.com/resources/images/app/StaffHub.png",
        },
        Object {
          "Content": "https://hexatown.github.io/docs/microsoft/office365/Stream",
          "Link": "https://web.microsoftstream.com/",
          "Name": "stream",
          "color": "#c30052",
          "icon": "https://jumpto365.com/resources/images/app/Stream.png",
        },
        Object {
          "Content": "https://hexatown.github.io/docs/microsoft/office365/Sway",
          "Name": "sway",
          "color": "#008272",
          "icon": "https://jumpto365.com/resources/images/app/Sway.png",
        },
        Object {
          "Content": "https://hexatown.github.io/docs/microsoft/office365/Tasks",
          "Link": "https://outlook.office.com/owa/?path=/tasks",
          "Name": "tasks",
          "color": "#2072b9",
          "icon": "https://jumpto365.com/resources/images/app/Tasks.png",
        },
        Object {
          "Content": "https://hexatown.github.io/docs/microsoft/office365/Teams",
          "Link": "https://teams.microsoft.com/",
          "Name": "teams",
          "color": "#3f418e",
          "icon": "https://jumpto365.com/resources/images/app/Teams.png",
        },
        Object {
          "Content": "https://hexatown.github.io/docs/microsoft/office365/To-Do",
          "Link": "https://todo.microsoft.com/?app",
          "Name": "todo",
          "color": "#3896f9",
          "icon": "https://jumpto365.com/resources/images/app/To-Do.png",
        },
        Object {
          "Content": "https://hexatown.github.io/docs/microsoft/office365/Visio",
          "Name": "visio",
          "color": "#4568c4",
          "icon": "https://jumpto365.com/resources/images/app/Visio.png",
        },
        Object {
          "Content": "https://hexatown.github.io/docs/microsoft/office365/Word",
          "Link": "https://office.live.com/start/Word.aspx",
          "Name": "word",
          "color": "#2b579a",
          "icon": "https://jumpto365.com/resources/images/app/Word.png",
        },
        Object {
          "Content": "https://hexatown.github.io/docs/microsoft/office365/Yammer",
          "Link": "https://www.yammer.com/",
          "Name": "yammer",
          "color": "#007dc6",
          "icon": "https://jumpto365.com/resources/images/app/Yammer.png",
        },
      ],
      "name": "tools",
    },
    Object {
      "data": Array [
        Object {
          "Name": "File Storage & Collaboration",
        },
        Object {
          "Name": "Outlook",
        },
        Object {
          "Name": "Meet",
        },
        Object {
          "Name": "Prepare",
        },
      ],
      "name": "groups",
    },
  ],
}
`;
