// Jest Snapshot v1, https://goo.gl/fbAQLP

exports[`Check that it renders 1`] = `
ShallowWrapper {
  "length": 1,
  Symbol(enzyme.__root__): [Circular],
  Symbol(enzyme.__unrendered__): <GroupBox
    about="🍕"
/>,
  Symbol(enzyme.__renderer__): Object {
    "batchedUpdates": [Function],
    "getNode": [Function],
    "render": [Function],
    "simulateEvent": [Function],
    "unmount": [Function],
  },
  Symbol(enzyme.__node__): Object {
    "instance": null,
    "key": undefined,
    "nodeType": "host",
    "props": Object {
      "children": <div
        className="gb0"
        style={
                Object {
                        "alignItems": "center",
                        "backgroundColor": undefined,
                        "color": "#000000",
                        "cursor": "default",
                        "display": "flex",
                        "fontSize": undefined,
                        "height": undefined,
                        "justifyContent": "center",
                        "lineHeight": undefined,
                        "marginLeft": 0,
                        "marginTop": 0,
                        "width": undefined,
                      }
        }
>
        <div
                className="gbText"
        />
</div>,
      "style": Object {
        "border": "0px dashed red",
        "height": undefined,
        "width": undefined,
      },
    },
    "ref": null,
    "rendered": Object {
      "instance": null,
      "key": undefined,
      "nodeType": "host",
      "props": Object {
        "children": <div
          className="gbText"
/>,
        "className": "gb0",
        "style": Object {
          "alignItems": "center",
          "backgroundColor": undefined,
          "color": "#000000",
          "cursor": "default",
          "display": "flex",
          "fontSize": undefined,
          "height": undefined,
          "justifyContent": "center",
          "lineHeight": undefined,
          "marginLeft": 0,
          "marginTop": 0,
          "width": undefined,
        },
      },
      "ref": null,
      "rendered": Object {
        "instance": null,
        "key": undefined,
        "nodeType": "host",
        "props": Object {
          "children": undefined,
          "className": "gbText",
        },
        "ref": null,
        "rendered": null,
        "type": "div",
      },
      "type": "div",
    },
    "type": "div",
  },
  Symbol(enzyme.__nodes__): Array [
    Object {
      "instance": null,
      "key": undefined,
      "nodeType": "host",
      "props": Object {
        "children": <div
          className="gb0"
          style={
                    Object {
                              "alignItems": "center",
                              "backgroundColor": undefined,
                              "color": "#000000",
                              "cursor": "default",
                              "display": "flex",
                              "fontSize": undefined,
                              "height": undefined,
                              "justifyContent": "center",
                              "lineHeight": undefined,
                              "marginLeft": 0,
                              "marginTop": 0,
                              "width": undefined,
                            }
          }
>
          <div
                    className="gbText"
          />
</div>,
        "style": Object {
          "border": "0px dashed red",
          "height": undefined,
          "width": undefined,
        },
      },
      "ref": null,
      "rendered": Object {
        "instance": null,
        "key": undefined,
        "nodeType": "host",
        "props": Object {
          "children": <div
            className="gbText"
/>,
          "className": "gb0",
          "style": Object {
            "alignItems": "center",
            "backgroundColor": undefined,
            "color": "#000000",
            "cursor": "default",
            "display": "flex",
            "fontSize": undefined,
            "height": undefined,
            "justifyContent": "center",
            "lineHeight": undefined,
            "marginLeft": 0,
            "marginTop": 0,
            "width": undefined,
          },
        },
        "ref": null,
        "rendered": Object {
          "instance": null,
          "key": undefined,
          "nodeType": "host",
          "props": Object {
            "children": undefined,
            "className": "gbText",
          },
          "ref": null,
          "rendered": null,
          "type": "div",
        },
        "type": "div",
      },
      "type": "div",
    },
  ],
  Symbol(enzyme.__options__): Object {
    "adapter": ReactSixteenAdapter {
      "options": Object {
        "enableComponentDidUpdateOnSetState": true,
      },
    },
  },
}
`;
