// Jest Snapshot v1, https://goo.gl/fbAQLP

exports[`Check that it renders 1`] = `
ShallowWrapper {
  "length": 1,
  Symbol(enzyme.__root__): [Circular],
  Symbol(enzyme.__unrendered__): <TenantMastHeadLogo
    tenant={
        Object {
            "name": "Jumpto365",
            "properties": Object {
              "logo": "https://placeimg.com/100/20/any",
            },
            "stage": "new",
          }
    }
/>,
  Symbol(enzyme.__renderer__): Object {
    "batchedUpdates": [Function],
    "getNode": [Function],
    "render": [Function],
    "simulateEvent": [Function],
    "unmount": [Function],
  },
  Symbol(enzyme.__node__): Object {
    "instance": null,
    "key": undefined,
    "nodeType": "host",
    "props": Object {
      "children": <img
        src="https://placeimg.com/100/20/any"
        style={
                Object {
                        "height": "20px",
                        "maxHeight": "20px",
                        "maxWidth": "100px",
                        "width": "auto",
                      }
        }
/>,
    },
    "ref": null,
    "rendered": Object {
      "instance": null,
      "key": undefined,
      "nodeType": "host",
      "props": Object {
        "src": "https://placeimg.com/100/20/any",
        "style": Object {
          "height": "20px",
          "maxHeight": "20px",
          "maxWidth": "100px",
          "width": "auto",
        },
      },
      "ref": null,
      "rendered": null,
      "type": "img",
    },
    "type": "div",
  },
  Symbol(enzyme.__nodes__): Array [
    Object {
      "instance": null,
      "key": undefined,
      "nodeType": "host",
      "props": Object {
        "children": <img
          src="https://placeimg.com/100/20/any"
          style={
                    Object {
                              "height": "20px",
                              "maxHeight": "20px",
                              "maxWidth": "100px",
                              "width": "auto",
                            }
          }
/>,
      },
      "ref": null,
      "rendered": Object {
        "instance": null,
        "key": undefined,
        "nodeType": "host",
        "props": Object {
          "src": "https://placeimg.com/100/20/any",
          "style": Object {
            "height": "20px",
            "maxHeight": "20px",
            "maxWidth": "100px",
            "width": "auto",
          },
        },
        "ref": null,
        "rendered": null,
        "type": "img",
      },
      "type": "div",
    },
  ],
  Symbol(enzyme.__options__): Object {
    "adapter": ReactSixteenAdapter {
      "options": Object {
        "enableComponentDidUpdateOnSetState": true,
      },
    },
  },
}
`;
