// Jest Snapshot v1, https://goo.gl/fbAQLP

exports[`Check that it renders 320 px 1`] = `
ShallowWrapper {
  "length": 1,
  Symbol(enzyme.__root__): [Circular],
  Symbol(enzyme.__unrendered__): <AppIcon
    name="word"
    size={320}
/>,
  Symbol(enzyme.__renderer__): Object {
    "batchedUpdates": [Function],
    "getNode": [Function],
    "render": [Function],
    "simulateEvent": [Function],
    "unmount": [Function],
  },
  Symbol(enzyme.__node__): Object {
    "instance": null,
    "key": undefined,
    "nodeType": "class",
    "props": Object {
      "backgroundColor": "#2b579a",
      "description": "Word processing in the browser.",
      "iconUrl": "https://jumpto365.com/resources/images/app/Word.png",
      "name": "word",
      "size": 320,
      "title": "word",
    },
    "ref": null,
    "rendered": null,
    "type": [Function],
  },
  Symbol(enzyme.__nodes__): Array [
    Object {
      "instance": null,
      "key": undefined,
      "nodeType": "class",
      "props": Object {
        "backgroundColor": "#2b579a",
        "description": "Word processing in the browser.",
        "iconUrl": "https://jumpto365.com/resources/images/app/Word.png",
        "name": "word",
        "size": 320,
        "title": "word",
      },
      "ref": null,
      "rendered": null,
      "type": [Function],
    },
  ],
  Symbol(enzyme.__options__): Object {
    "adapter": ReactSixteenAdapter {
      "options": Object {
        "enableComponentDidUpdateOnSetState": true,
      },
    },
  },
}
`;
