// Jest Snapshot v1, https://goo.gl/fbAQLP

exports[`Check that it renders 1`] = `
ShallowWrapper {
  "length": 1,
  Symbol(enzyme.__root__): [Circular],
  Symbol(enzyme.__unrendered__): <PreviewPage />,
  Symbol(enzyme.__renderer__): Object {
    "batchedUpdates": [Function],
    "getNode": [Function],
    "render": [Function],
    "simulateEvent": [Function],
    "unmount": [Function],
  },
  Symbol(enzyme.__node__): Object {
    "instance": null,
    "key": undefined,
    "nodeType": "class",
    "props": Object {
      "children": Array [
        <PageHeader
          color="orange"
          title="PREVIEWER - if you share this link, it won't work as data is stored locally"
/>,
        <PageBody>
          <div
                    className="   "
          />
          <div
                    className="SidebarNoSelection"
          />
</PageBody>,
      ],
    },
    "ref": null,
    "rendered": Array [
      Object {
        "instance": null,
        "key": undefined,
        "nodeType": "class",
        "props": Object {
          "color": "orange",
          "title": "PREVIEWER - if you share this link, it won't work as data is stored locally",
        },
        "ref": null,
        "rendered": null,
        "type": [Function],
      },
      Object {
        "instance": null,
        "key": undefined,
        "nodeType": "class",
        "props": Object {
          "children": Array [
            <div
              className="   "
/>,
            <div
              className="SidebarNoSelection"
/>,
          ],
        },
        "ref": null,
        "rendered": Array [
          Object {
            "instance": null,
            "key": undefined,
            "nodeType": "host",
            "props": Object {
              "children": false,
              "className": "   ",
            },
            "ref": null,
            "rendered": false,
            "type": "div",
          },
          Object {
            "instance": null,
            "key": undefined,
            "nodeType": "host",
            "props": Object {
              "children": null,
              "className": "SidebarNoSelection",
            },
            "ref": null,
            "rendered": null,
            "type": "div",
          },
        ],
        "type": [Function],
      },
    ],
    "type": [Function],
  },
  Symbol(enzyme.__nodes__): Array [
    Object {
      "instance": null,
      "key": undefined,
      "nodeType": "class",
      "props": Object {
        "children": Array [
          <PageHeader
            color="orange"
            title="PREVIEWER - if you share this link, it won't work as data is stored locally"
/>,
          <PageBody>
            <div
                        className="   "
            />
            <div
                        className="SidebarNoSelection"
            />
</PageBody>,
        ],
      },
      "ref": null,
      "rendered": Array [
        Object {
          "instance": null,
          "key": undefined,
          "nodeType": "class",
          "props": Object {
            "color": "orange",
            "title": "PREVIEWER - if you share this link, it won't work as data is stored locally",
          },
          "ref": null,
          "rendered": null,
          "type": [Function],
        },
        Object {
          "instance": null,
          "key": undefined,
          "nodeType": "class",
          "props": Object {
            "children": Array [
              <div
                className="   "
/>,
              <div
                className="SidebarNoSelection"
/>,
            ],
          },
          "ref": null,
          "rendered": Array [
            Object {
              "instance": null,
              "key": undefined,
              "nodeType": "host",
              "props": Object {
                "children": false,
                "className": "   ",
              },
              "ref": null,
              "rendered": false,
              "type": "div",
            },
            Object {
              "instance": null,
              "key": undefined,
              "nodeType": "host",
              "props": Object {
                "children": null,
                "className": "SidebarNoSelection",
              },
              "ref": null,
              "rendered": null,
              "type": "div",
            },
          ],
          "type": [Function],
        },
      ],
      "type": [Function],
    },
  ],
  Symbol(enzyme.__options__): Object {
    "adapter": ReactSixteenAdapter {
      "options": Object {
        "enableComponentDidUpdateOnSetState": true,
      },
    },
  },
}
`;
