// Jest Snapshot v1, https://goo.gl/fbAQLP

exports[`Check that it renders 1`] = `
ShallowWrapper {
  "length": 1,
  Symbol(enzyme.__root__): [Circular],
  Symbol(enzyme.__unrendered__): <ExcelPage />,
  Symbol(enzyme.__renderer__): Object {
    "batchedUpdates": [Function],
    "getNode": [Function],
    "render": [Function],
    "simulateEvent": [Function],
    "unmount": [Function],
  },
  Symbol(enzyme.__node__): Object {
    "instance": null,
    "key": undefined,
    "nodeType": "class",
    "props": Object {
      "children": Array [
        <PageHeader
          color="#2a7ab9"
          title="[[NOCONTEXT:42]]"
/>,
        <SharingToolbar />,
        <PageBody>
          <div
                    className="ms-Grid"
          >
                    <div
                              className="ms-Grid-row mastheadRow"
                    >
                              <div
                                        className="ms-Grid-col ms-sm3  "
                              >
                                        <h3>
                                                  [[NOCONTEXT:39]]
                                        </h3>
                                        <ScenarioList
                                                  defaultView="name"
                                                  hideHeader={true}
                                                  isCompactMode={true}
                                                  onSelectionChanged={[Function]}
                                                  singleSelection={true}
                                                  tasks={Array []}
                                        />
                                        <FileUpload
                                                  label="Upload"
                                                  onUpload={[Function]}
                                        />
                              </div>
                              <div
                                        className="ms-Grid-col ms-sm3  "
                              >
                                        <ExcelExplorer
                                                  excel={undefined}
                                                  onSelectSheet={[Function]}
                                        />
                              </div>
                              <div
                                        className="ms-Grid-col ms-sm6  "
                                        style={
                                                  Object {
                                                            "borderLeft": "1px solid #777777",
                                                          }
                                        }
                              >
                                        <Warning
                                                  message="[[NOCONTEXT:41]]"
                                        />
                              </div>
                    </div>
          </div>
          <StyledCustomizedDialog
                    dialogContentProps={undefined}
                    hidden={true}
                    modalProps={
                              Object {
                                        "containerClassName": "ms-dialogMainOverride",
                                        "isBlocking": true,
                                      }
                    }
                    onDismiss={[Function]}
          >
                    <StyledCustomizedDialogFooter>
                              <CustomizedPrimaryButton
                                        onClick={[Function]}
                                        text="Close"
                              />
                    </StyledCustomizedDialogFooter>
          </StyledCustomizedDialog>
            
</PageBody>,
      ],
    },
    "ref": null,
    "rendered": Array [
      Object {
        "instance": null,
        "key": undefined,
        "nodeType": "class",
        "props": Object {
          "color": "#2a7ab9",
          "title": "[[NOCONTEXT:42]]",
        },
        "ref": null,
        "rendered": null,
        "type": [Function],
      },
      Object {
        "instance": null,
        "key": undefined,
        "nodeType": "class",
        "props": Object {},
        "ref": null,
        "rendered": null,
        "type": [Function],
      },
      Object {
        "instance": null,
        "key": undefined,
        "nodeType": "class",
        "props": Object {
          "children": Array [
            undefined,
            <div
              className="ms-Grid"
>
              <div
                            className="ms-Grid-row mastheadRow"
              >
                            <div
                                          className="ms-Grid-col ms-sm3  "
                            >
                                          <h3>
                                                        [[NOCONTEXT:39]]
                                          </h3>
                                          <ScenarioList
                                                        defaultView="name"
                                                        hideHeader={true}
                                                        isCompactMode={true}
                                                        onSelectionChanged={[Function]}
                                                        singleSelection={true}
                                                        tasks={Array []}
                                          />
                                          <FileUpload
                                                        label="Upload"
                                                        onUpload={[Function]}
                                          />
                            </div>
                            <div
                                          className="ms-Grid-col ms-sm3  "
                            >
                                          <ExcelExplorer
                                                        excel={undefined}
                                                        onSelectSheet={[Function]}
                                          />
                            </div>
                            <div
                                          className="ms-Grid-col ms-sm6  "
                                          style={
                                                        Object {
                                                                      "borderLeft": "1px solid #777777",
                                                                    }
                                          }
                            >
                                          <Warning
                                                        message="[[NOCONTEXT:41]]"
                                          />
                            </div>
              </div>
</div>,
            <StyledCustomizedDialog
              dialogContentProps={undefined}
              hidden={true}
              modalProps={
                            Object {
                                          "containerClassName": "ms-dialogMainOverride",
                                          "isBlocking": true,
                                        }
              }
              onDismiss={[Function]}
>
              <StyledCustomizedDialogFooter>
                            <CustomizedPrimaryButton
                                          onClick={[Function]}
                                          text="Close"
                            />
              </StyledCustomizedDialogFooter>
</StyledCustomizedDialog>,
            null,
            "  ",
          ],
        },
        "ref": null,
        "rendered": Array [
          undefined,
          Object {
            "instance": null,
            "key": undefined,
            "nodeType": "host",
            "props": Object {
              "children": <div
                className="ms-Grid-row mastheadRow"
>
                <div
                                className="ms-Grid-col ms-sm3  "
                >
                                <h3>
                                                [[NOCONTEXT:39]]
                                </h3>
                                <ScenarioList
                                                defaultView="name"
                                                hideHeader={true}
                                                isCompactMode={true}
                                                onSelectionChanged={[Function]}
                                                singleSelection={true}
                                                tasks={Array []}
                                />
                                <FileUpload
                                                label="Upload"
                                                onUpload={[Function]}
                                />
                </div>
                <div
                                className="ms-Grid-col ms-sm3  "
                >
                                <ExcelExplorer
                                                excel={undefined}
                                                onSelectSheet={[Function]}
                                />
                </div>
                <div
                                className="ms-Grid-col ms-sm6  "
                                style={
                                                Object {
                                                                "borderLeft": "1px solid #777777",
                                                              }
                                }
                >
                                <Warning
                                                message="[[NOCONTEXT:41]]"
                                />
                </div>
</div>,
              "className": "ms-Grid",
            },
            "ref": null,
            "rendered": Object {
              "instance": null,
              "key": undefined,
              "nodeType": "host",
              "props": Object {
                "children": Array [
                  <div
                    className="ms-Grid-col ms-sm3  "
>
                    <h3>
                                        [[NOCONTEXT:39]]
                    </h3>
                    <ScenarioList
                                        defaultView="name"
                                        hideHeader={true}
                                        isCompactMode={true}
                                        onSelectionChanged={[Function]}
                                        singleSelection={true}
                                        tasks={Array []}
                    />
                    <FileUpload
                                        label="Upload"
                                        onUpload={[Function]}
                    />
</div>,
                  <div
                    className="ms-Grid-col ms-sm3  "
>
                    <ExcelExplorer
                                        excel={undefined}
                                        onSelectSheet={[Function]}
                    />
</div>,
                  <div
                    className="ms-Grid-col ms-sm6  "
                    style={
                                        Object {
                                                            "borderLeft": "1px solid #777777",
                                                          }
                    }
>
                    <Warning
                                        message="[[NOCONTEXT:41]]"
                    />
</div>,
                ],
                "className": "ms-Grid-row mastheadRow",
              },
              "ref": null,
              "rendered": Array [
                Object {
                  "instance": null,
                  "key": undefined,
                  "nodeType": "host",
                  "props": Object {
                    "children": Array [
                      <h3>
                        [[NOCONTEXT:39]]
</h3>,
                      <ScenarioList
                        defaultView="name"
                        hideHeader={true}
                        isCompactMode={true}
                        onSelectionChanged={[Function]}
                        singleSelection={true}
                        tasks={Array []}
/>,
                      <FileUpload
                        label="Upload"
                        onUpload={[Function]}
/>,
                    ],
                    "className": "ms-Grid-col ms-sm3  ",
                  },
                  "ref": null,
                  "rendered": Array [
                    Object {
                      "instance": null,
                      "key": undefined,
                      "nodeType": "host",
                      "props": Object {
                        "children": "[[NOCONTEXT:39]]",
                      },
                      "ref": null,
                      "rendered": "[[NOCONTEXT:39]]",
                      "type": "h3",
                    },
                    Object {
                      "instance": null,
                      "key": undefined,
                      "nodeType": "class",
                      "props": Object {
                        "defaultView": "name",
                        "hideHeader": true,
                        "isCompactMode": true,
                        "onSelectionChanged": [Function],
                        "singleSelection": true,
                        "tasks": Array [],
                      },
                      "ref": null,
                      "rendered": null,
                      "type": [Function],
                    },
                    Object {
                      "instance": null,
                      "key": undefined,
                      "nodeType": "class",
                      "props": Object {
                        "label": "Upload",
                        "onUpload": [Function],
                      },
                      "ref": null,
                      "rendered": null,
                      "type": [Function],
                    },
                  ],
                  "type": "div",
                },
                Object {
                  "instance": null,
                  "key": undefined,
                  "nodeType": "host",
                  "props": Object {
                    "children": Array [
                      false,
                      <ExcelExplorer
                        excel={undefined}
                        onSelectSheet={[Function]}
/>,
                    ],
                    "className": "ms-Grid-col ms-sm3  ",
                  },
                  "ref": null,
                  "rendered": Array [
                    false,
                    Object {
                      "instance": null,
                      "key": undefined,
                      "nodeType": "class",
                      "props": Object {
                        "excel": undefined,
                        "onSelectSheet": [Function],
                      },
                      "ref": null,
                      "rendered": null,
                      "type": [Function],
                    },
                  ],
                  "type": "div",
                },
                Object {
                  "instance": null,
                  "key": undefined,
                  "nodeType": "host",
                  "props": Object {
                    "children": Array [
                      false,
                      false,
                      false,
                      false,
                      <Warning
                        message="[[NOCONTEXT:41]]"
/>,
                    ],
                    "className": "ms-Grid-col ms-sm6  ",
                    "style": Object {
                      "borderLeft": "1px solid #777777",
                    },
                  },
                  "ref": null,
                  "rendered": Array [
                    false,
                    false,
                    false,
                    false,
                    Object {
                      "instance": null,
                      "key": undefined,
                      "nodeType": "class",
                      "props": Object {
                        "message": "[[NOCONTEXT:41]]",
                      },
                      "ref": null,
                      "rendered": null,
                      "type": [Function],
                    },
                  ],
                  "type": "div",
                },
              ],
              "type": "div",
            },
            "type": "div",
          },
          Object {
            "instance": null,
            "key": undefined,
            "nodeType": "function",
            "props": Object {
              "children": <StyledCustomizedDialogFooter>
                <CustomizedPrimaryButton
                                onClick={[Function]}
                                text="Close"
                />
</StyledCustomizedDialogFooter>,
              "dialogContentProps": undefined,
              "hidden": true,
              "modalProps": Object {
                "containerClassName": "ms-dialogMainOverride",
                "isBlocking": true,
              },
              "onDismiss": [Function],
            },
            "ref": null,
            "rendered": Object {
              "instance": null,
              "key": undefined,
              "nodeType": "function",
              "props": Object {
                "children": <CustomizedPrimaryButton
                  onClick={[Function]}
                  text="Close"
/>,
              },
              "ref": null,
              "rendered": Object {
                "instance": null,
                "key": undefined,
                "nodeType": "class",
                "props": Object {
                  "onClick": [Function],
                  "text": "Close",
                },
                "ref": null,
                "rendered": null,
                "type": [Function],
              },
              "type": [Function],
            },
            "type": [Function],
          },
          null,
          "  ",
        ],
        "type": [Function],
      },
    ],
    "type": [Function],
  },
  Symbol(enzyme.__nodes__): Array [
    Object {
      "instance": null,
      "key": undefined,
      "nodeType": "class",
      "props": Object {
        "children": Array [
          <PageHeader
            color="#2a7ab9"
            title="[[NOCONTEXT:42]]"
/>,
          <SharingToolbar />,
          <PageBody>
            <div
                        className="ms-Grid"
            >
                        <div
                                    className="ms-Grid-row mastheadRow"
                        >
                                    <div
                                                className="ms-Grid-col ms-sm3  "
                                    >
                                                <h3>
                                                            [[NOCONTEXT:39]]
                                                </h3>
                                                <ScenarioList
                                                            defaultView="name"
                                                            hideHeader={true}
                                                            isCompactMode={true}
                                                            onSelectionChanged={[Function]}
                                                            singleSelection={true}
                                                            tasks={Array []}
                                                />
                                                <FileUpload
                                                            label="Upload"
                                                            onUpload={[Function]}
                                                />
                                    </div>
                                    <div
                                                className="ms-Grid-col ms-sm3  "
                                    >
                                                <ExcelExplorer
                                                            excel={undefined}
                                                            onSelectSheet={[Function]}
                                                />
                                    </div>
                                    <div
                                                className="ms-Grid-col ms-sm6  "
                                                style={
                                                            Object {
                                                                        "borderLeft": "1px solid #777777",
                                                                      }
                                                }
                                    >
                                                <Warning
                                                            message="[[NOCONTEXT:41]]"
                                                />
                                    </div>
                        </div>
            </div>
            <StyledCustomizedDialog
                        dialogContentProps={undefined}
                        hidden={true}
                        modalProps={
                                    Object {
                                                "containerClassName": "ms-dialogMainOverride",
                                                "isBlocking": true,
                                              }
                        }
                        onDismiss={[Function]}
            >
                        <StyledCustomizedDialogFooter>
                                    <CustomizedPrimaryButton
                                                onClick={[Function]}
                                                text="Close"
                                    />
                        </StyledCustomizedDialogFooter>
            </StyledCustomizedDialog>
              
</PageBody>,
        ],
      },
      "ref": null,
      "rendered": Array [
        Object {
          "instance": null,
          "key": undefined,
          "nodeType": "class",
          "props": Object {
            "color": "#2a7ab9",
            "title": "[[NOCONTEXT:42]]",
          },
          "ref": null,
          "rendered": null,
          "type": [Function],
        },
        Object {
          "instance": null,
          "key": undefined,
          "nodeType": "class",
          "props": Object {},
          "ref": null,
          "rendered": null,
          "type": [Function],
        },
        Object {
          "instance": null,
          "key": undefined,
          "nodeType": "class",
          "props": Object {
            "children": Array [
              undefined,
              <div
                className="ms-Grid"
>
                <div
                                className="ms-Grid-row mastheadRow"
                >
                                <div
                                                className="ms-Grid-col ms-sm3  "
                                >
                                                <h3>
                                                                [[NOCONTEXT:39]]
                                                </h3>
                                                <ScenarioList
                                                                defaultView="name"
                                                                hideHeader={true}
                                                                isCompactMode={true}
                                                                onSelectionChanged={[Function]}
                                                                singleSelection={true}
                                                                tasks={Array []}
                                                />
                                                <FileUpload
                                                                label="Upload"
                                                                onUpload={[Function]}
                                                />
                                </div>
                                <div
                                                className="ms-Grid-col ms-sm3  "
                                >
                                                <ExcelExplorer
                                                                excel={undefined}
                                                                onSelectSheet={[Function]}
                                                />
                                </div>
                                <div
                                                className="ms-Grid-col ms-sm6  "
                                                style={
                                                                Object {
                                                                                "borderLeft": "1px solid #777777",
                                                                              }
                                                }
                                >
                                                <Warning
                                                                message="[[NOCONTEXT:41]]"
                                                />
                                </div>
                </div>
</div>,
              <StyledCustomizedDialog
                dialogContentProps={undefined}
                hidden={true}
                modalProps={
                                Object {
                                                "containerClassName": "ms-dialogMainOverride",
                                                "isBlocking": true,
                                              }
                }
                onDismiss={[Function]}
>
                <StyledCustomizedDialogFooter>
                                <CustomizedPrimaryButton
                                                onClick={[Function]}
                                                text="Close"
                                />
                </StyledCustomizedDialogFooter>
</StyledCustomizedDialog>,
              null,
              "  ",
            ],
          },
          "ref": null,
          "rendered": Array [
            undefined,
            Object {
              "instance": null,
              "key": undefined,
              "nodeType": "host",
              "props": Object {
                "children": <div
                  className="ms-Grid-row mastheadRow"
>
                  <div
                                    className="ms-Grid-col ms-sm3  "
                  >
                                    <h3>
                                                      [[NOCONTEXT:39]]
                                    </h3>
                                    <ScenarioList
                                                      defaultView="name"
                                                      hideHeader={true}
                                                      isCompactMode={true}
                                                      onSelectionChanged={[Function]}
                                                      singleSelection={true}
                                                      tasks={Array []}
                                    />
                                    <FileUpload
                                                      label="Upload"
                                                      onUpload={[Function]}
                                    />
                  </div>
                  <div
                                    className="ms-Grid-col ms-sm3  "
                  >
                                    <ExcelExplorer
                                                      excel={undefined}
                                                      onSelectSheet={[Function]}
                                    />
                  </div>
                  <div
                                    className="ms-Grid-col ms-sm6  "
                                    style={
                                                      Object {
                                                                        "borderLeft": "1px solid #777777",
                                                                      }
                                    }
                  >
                                    <Warning
                                                      message="[[NOCONTEXT:41]]"
                                    />
                  </div>
</div>,
                "className": "ms-Grid",
              },
              "ref": null,
              "rendered": Object {
                "instance": null,
                "key": undefined,
                "nodeType": "host",
                "props": Object {
                  "children": Array [
                    <div
                      className="ms-Grid-col ms-sm3  "
>
                      <h3>
                                            [[NOCONTEXT:39]]
                      </h3>
                      <ScenarioList
                                            defaultView="name"
                                            hideHeader={true}
                                            isCompactMode={true}
                                            onSelectionChanged={[Function]}
                                            singleSelection={true}
                                            tasks={Array []}
                      />
                      <FileUpload
                                            label="Upload"
                                            onUpload={[Function]}
                      />
</div>,
                    <div
                      className="ms-Grid-col ms-sm3  "
>
                      <ExcelExplorer
                                            excel={undefined}
                                            onSelectSheet={[Function]}
                      />
</div>,
                    <div
                      className="ms-Grid-col ms-sm6  "
                      style={
                                            Object {
                                                                  "borderLeft": "1px solid #777777",
                                                                }
                      }
>
                      <Warning
                                            message="[[NOCONTEXT:41]]"
                      />
</div>,
                  ],
                  "className": "ms-Grid-row mastheadRow",
                },
                "ref": null,
                "rendered": Array [
                  Object {
                    "instance": null,
                    "key": undefined,
                    "nodeType": "host",
                    "props": Object {
                      "children": Array [
                        <h3>
                          [[NOCONTEXT:39]]
</h3>,
                        <ScenarioList
                          defaultView="name"
                          hideHeader={true}
                          isCompactMode={true}
                          onSelectionChanged={[Function]}
                          singleSelection={true}
                          tasks={Array []}
/>,
                        <FileUpload
                          label="Upload"
                          onUpload={[Function]}
/>,
                      ],
                      "className": "ms-Grid-col ms-sm3  ",
                    },
                    "ref": null,
                    "rendered": Array [
                      Object {
                        "instance": null,
                        "key": undefined,
                        "nodeType": "host",
                        "props": Object {
                          "children": "[[NOCONTEXT:39]]",
                        },
                        "ref": null,
                        "rendered": "[[NOCONTEXT:39]]",
                        "type": "h3",
                      },
                      Object {
                        "instance": null,
                        "key": undefined,
                        "nodeType": "class",
                        "props": Object {
                          "defaultView": "name",
                          "hideHeader": true,
                          "isCompactMode": true,
                          "onSelectionChanged": [Function],
                          "singleSelection": true,
                          "tasks": Array [],
                        },
                        "ref": null,
                        "rendered": null,
                        "type": [Function],
                      },
                      Object {
                        "instance": null,
                        "key": undefined,
                        "nodeType": "class",
                        "props": Object {
                          "label": "Upload",
                          "onUpload": [Function],
                        },
                        "ref": null,
                        "rendered": null,
                        "type": [Function],
                      },
                    ],
                    "type": "div",
                  },
                  Object {
                    "instance": null,
                    "key": undefined,
                    "nodeType": "host",
                    "props": Object {
                      "children": Array [
                        false,
                        <ExcelExplorer
                          excel={undefined}
                          onSelectSheet={[Function]}
/>,
                      ],
                      "className": "ms-Grid-col ms-sm3  ",
                    },
                    "ref": null,
                    "rendered": Array [
                      false,
                      Object {
                        "instance": null,
                        "key": undefined,
                        "nodeType": "class",
                        "props": Object {
                          "excel": undefined,
                          "onSelectSheet": [Function],
                        },
                        "ref": null,
                        "rendered": null,
                        "type": [Function],
                      },
                    ],
                    "type": "div",
                  },
                  Object {
                    "instance": null,
                    "key": undefined,
                    "nodeType": "host",
                    "props": Object {
                      "children": Array [
                        false,
                        false,
                        false,
                        false,
                        <Warning
                          message="[[NOCONTEXT:41]]"
/>,
                      ],
                      "className": "ms-Grid-col ms-sm6  ",
                      "style": Object {
                        "borderLeft": "1px solid #777777",
                      },
                    },
                    "ref": null,
                    "rendered": Array [
                      false,
                      false,
                      false,
                      false,
                      Object {
                        "instance": null,
                        "key": undefined,
                        "nodeType": "class",
                        "props": Object {
                          "message": "[[NOCONTEXT:41]]",
                        },
                        "ref": null,
                        "rendered": null,
                        "type": [Function],
                      },
                    ],
                    "type": "div",
                  },
                ],
                "type": "div",
              },
              "type": "div",
            },
            Object {
              "instance": null,
              "key": undefined,
              "nodeType": "function",
              "props": Object {
                "children": <StyledCustomizedDialogFooter>
                  <CustomizedPrimaryButton
                                    onClick={[Function]}
                                    text="Close"
                  />
</StyledCustomizedDialogFooter>,
                "dialogContentProps": undefined,
                "hidden": true,
                "modalProps": Object {
                  "containerClassName": "ms-dialogMainOverride",
                  "isBlocking": true,
                },
                "onDismiss": [Function],
              },
              "ref": null,
              "rendered": Object {
                "instance": null,
                "key": undefined,
                "nodeType": "function",
                "props": Object {
                  "children": <CustomizedPrimaryButton
                    onClick={[Function]}
                    text="Close"
/>,
                },
                "ref": null,
                "rendered": Object {
                  "instance": null,
                  "key": undefined,
                  "nodeType": "class",
                  "props": Object {
                    "onClick": [Function],
                    "text": "Close",
                  },
                  "ref": null,
                  "rendered": null,
                  "type": [Function],
                },
                "type": [Function],
              },
              "type": [Function],
            },
            null,
            "  ",
          ],
          "type": [Function],
        },
      ],
      "type": [Function],
    },
  ],
  Symbol(enzyme.__options__): Object {
    "adapter": ReactSixteenAdapter {
      "options": Object {
        "enableComponentDidUpdateOnSetState": true,
      },
    },
  },
}
`;
