// Jest Snapshot v1, https://goo.gl/fbAQLP

exports[`Check that it renders 1`] = `
ShallowWrapper {
  "length": 1,
  Symbol(enzyme.__root__): [Circular],
  Symbol(enzyme.__unrendered__): <ToolDetails
    toolData={
        Object {
            "Content": "https://hexatown.github.io/docs/microsoft/office365/Word",
            "Link": "https://office.live.com/start/Word.aspx",
            "color": "#2b579a",
            "icon": "https://jumpto365.com/resources/images/app/Word.png",
            "name": "word",
          }
    }
    x={true}
/>,
  Symbol(enzyme.__renderer__): Object {
    "batchedUpdates": [Function],
    "getNode": [Function],
    "render": [Function],
    "simulateEvent": [Function],
    "unmount": [Function],
  },
  Symbol(enzyme.__node__): Object {
    "instance": null,
    "key": undefined,
    "nodeType": "host",
    "props": Object {
      "children": Array [
        "{\\"body\\":\\"\\"}",
        "",
      ],
    },
    "ref": null,
    "rendered": Array [
      "{\\"body\\":\\"\\"}",
      "",
    ],
    "type": "div",
  },
  Symbol(enzyme.__nodes__): Array [
    Object {
      "instance": null,
      "key": undefined,
      "nodeType": "host",
      "props": Object {
        "children": Array [
          "{\\"body\\":\\"\\"}",
          "",
        ],
      },
      "ref": null,
      "rendered": Array [
        "{\\"body\\":\\"\\"}",
        "",
      ],
      "type": "div",
    },
  ],
  Symbol(enzyme.__options__): Object {
    "adapter": ReactSixteenAdapter {
      "options": Object {
        "enableComponentDidUpdateOnSetState": true,
      },
    },
  },
}
`;
