// Jest Snapshot v1, https://goo.gl/fbAQLP

exports[`Check that it renders 1`] = `
ShallowWrapper {
  "length": 1,
  Symbol(enzyme.__root__): [Circular],
  Symbol(enzyme.__unrendered__): <PeriodicTableBanner
    about="🍕"
/>,
  Symbol(enzyme.__renderer__): Object {
    "batchedUpdates": [Function],
    "getNode": [Function],
    "render": [Function],
    "simulateEvent": [Function],
    "unmount": [Function],
  },
  Symbol(enzyme.__node__): Object {
    "instance": null,
    "key": undefined,
    "nodeType": "host",
    "props": Object {
      "children": <div
        style={
                Object {
                        "alignItems": "center",
                        "border": "0px dashed red",
                        "color": "#264D8F",
                        "display": "flex",
                        "flexWrap": "wrap",
                        "justifyContent": "center",
                        "width": 675,
                      }
        }
>
        <div
                style={
                        Object {
                                "border": "0px dashed yellow",
                                "flexGrow": "none",
                                "flexShrink": "none",
                                "fontFamily": "'News Cycle', sans-serif",
                                "height": "78px",
                                "lineHeight": "80px",
                                "overflow": "hidden",
                                "textAlign": "center",
                                "width": 675,
                              }
                }
        >
                <div>
                        <span
                                style={
                                        Object {
                                                "fontSize": "40px",
                                                "textTransform": "uppercase",
                                              }
                                }
                        >
                                the 
                        </span>
                        <span
                                style={
                                        Object {
                                                "fontSize": "80px",
                                                "textTransform": "uppercase",
                                              }
                                }
                        >
                                Periodic Table
                        </span>
                        <span
                                style={
                                        Object {
                                                "fontSize": "40px",
                                                "textTransform": "uppercase",
                                              }
                                }
                        >
                                 of
                        </span>
                </div>
        </div>
        <div
                style={
                        Object {
                                "backgroundColor": "#264D8F",
                                "color": "#ffffff",
                                "flexGrow": "none",
                                "flexShrink": "none",
                                "fontSize": "80px",
                                "lineHeight": "80px",
                                "padding": "10px",
                                "textAlign": "center",
                                "width": 675,
                              }
                }
        >
                Office 365
        </div>
        <a
                href="https://medium.com/jumpto365/latest/home"
                target="_blank"
        >
                <img
                        src="Logo horizontal color - transparent background.png"
                        style={
                                Object {
                                        "height": "48px",
                                        "marginTop": "15px",
                                        "width": "auto",
                                      }
                        }
                />
                 
        </a>
</div>,
      "style": Object {
        "transform": "scale(NaN)",
        "transformOrigin": " 0 0 0 ",
      },
    },
    "ref": null,
    "rendered": Object {
      "instance": null,
      "key": undefined,
      "nodeType": "host",
      "props": Object {
        "children": Array [
          <div
            style={
                        Object {
                                    "border": "0px dashed yellow",
                                    "flexGrow": "none",
                                    "flexShrink": "none",
                                    "fontFamily": "'News Cycle', sans-serif",
                                    "height": "78px",
                                    "lineHeight": "80px",
                                    "overflow": "hidden",
                                    "textAlign": "center",
                                    "width": 675,
                                  }
            }
>
            <div>
                        <span
                                    style={
                                                Object {
                                                            "fontSize": "40px",
                                                            "textTransform": "uppercase",
                                                          }
                                    }
                        >
                                    the 
                        </span>
                        <span
                                    style={
                                                Object {
                                                            "fontSize": "80px",
                                                            "textTransform": "uppercase",
                                                          }
                                    }
                        >
                                    Periodic Table
                        </span>
                        <span
                                    style={
                                                Object {
                                                            "fontSize": "40px",
                                                            "textTransform": "uppercase",
                                                          }
                                    }
                        >
                                     of
                        </span>
            </div>
</div>,
          <div
            style={
                        Object {
                                    "backgroundColor": "#264D8F",
                                    "color": "#ffffff",
                                    "flexGrow": "none",
                                    "flexShrink": "none",
                                    "fontSize": "80px",
                                    "lineHeight": "80px",
                                    "padding": "10px",
                                    "textAlign": "center",
                                    "width": 675,
                                  }
            }
>
            Office 365
</div>,
          <a
            href="https://medium.com/jumpto365/latest/home"
            target="_blank"
>
            <img
                        src="Logo horizontal color - transparent background.png"
                        style={
                                    Object {
                                                "height": "48px",
                                                "marginTop": "15px",
                                                "width": "auto",
                                              }
                        }
            />
             
</a>,
        ],
        "style": Object {
          "alignItems": "center",
          "border": "0px dashed red",
          "color": "#264D8F",
          "display": "flex",
          "flexWrap": "wrap",
          "justifyContent": "center",
          "width": 675,
        },
      },
      "ref": null,
      "rendered": Array [
        Object {
          "instance": null,
          "key": undefined,
          "nodeType": "host",
          "props": Object {
            "children": <div>
              <span
                            style={
                                          Object {
                                                        "fontSize": "40px",
                                                        "textTransform": "uppercase",
                                                      }
                            }
              >
                            the 
              </span>
              <span
                            style={
                                          Object {
                                                        "fontSize": "80px",
                                                        "textTransform": "uppercase",
                                                      }
                            }
              >
                            Periodic Table
              </span>
              <span
                            style={
                                          Object {
                                                        "fontSize": "40px",
                                                        "textTransform": "uppercase",
                                                      }
                            }
              >
                             of
              </span>
</div>,
            "style": Object {
              "border": "0px dashed yellow",
              "flexGrow": "none",
              "flexShrink": "none",
              "fontFamily": "'News Cycle', sans-serif",
              "height": "78px",
              "lineHeight": "80px",
              "overflow": "hidden",
              "textAlign": "center",
              "width": 675,
            },
          },
          "ref": null,
          "rendered": Object {
            "instance": null,
            "key": undefined,
            "nodeType": "host",
            "props": Object {
              "children": Array [
                <span
                  style={
                                    Object {
                                                      "fontSize": "40px",
                                                      "textTransform": "uppercase",
                                                    }
                  }
>
                  the 
</span>,
                <span
                  style={
                                    Object {
                                                      "fontSize": "80px",
                                                      "textTransform": "uppercase",
                                                    }
                  }
>
                  Periodic Table
</span>,
                <span
                  style={
                                    Object {
                                                      "fontSize": "40px",
                                                      "textTransform": "uppercase",
                                                    }
                  }
>
                   of
</span>,
              ],
            },
            "ref": Object {
              "current": null,
            },
            "rendered": Array [
              Object {
                "instance": null,
                "key": undefined,
                "nodeType": "host",
                "props": Object {
                  "children": "the ",
                  "style": Object {
                    "fontSize": "40px",
                    "textTransform": "uppercase",
                  },
                },
                "ref": null,
                "rendered": "the ",
                "type": "span",
              },
              Object {
                "instance": null,
                "key": undefined,
                "nodeType": "host",
                "props": Object {
                  "children": "Periodic Table",
                  "style": Object {
                    "fontSize": "80px",
                    "textTransform": "uppercase",
                  },
                },
                "ref": null,
                "rendered": "Periodic Table",
                "type": "span",
              },
              Object {
                "instance": null,
                "key": undefined,
                "nodeType": "host",
                "props": Object {
                  "children": " of",
                  "style": Object {
                    "fontSize": "40px",
                    "textTransform": "uppercase",
                  },
                },
                "ref": null,
                "rendered": " of",
                "type": "span",
              },
            ],
            "type": "div",
          },
          "type": "div",
        },
        Object {
          "instance": null,
          "key": undefined,
          "nodeType": "host",
          "props": Object {
            "children": Array [
              "Office 365",
              undefined,
            ],
            "style": Object {
              "backgroundColor": "#264D8F",
              "color": "#ffffff",
              "flexGrow": "none",
              "flexShrink": "none",
              "fontSize": "80px",
              "lineHeight": "80px",
              "padding": "10px",
              "textAlign": "center",
              "width": 675,
            },
          },
          "ref": null,
          "rendered": Array [
            "Office 365",
            undefined,
          ],
          "type": "div",
        },
        Object {
          "instance": null,
          "key": undefined,
          "nodeType": "host",
          "props": Object {
            "children": Array [
              <img
                src="Logo horizontal color - transparent background.png"
                style={
                                Object {
                                                "height": "48px",
                                                "marginTop": "15px",
                                                "width": "auto",
                                              }
                }
/>,
              " ",
            ],
            "href": "https://medium.com/jumpto365/latest/home",
            "target": "_blank",
          },
          "ref": null,
          "rendered": Array [
            Object {
              "instance": null,
              "key": undefined,
              "nodeType": "host",
              "props": Object {
                "src": "Logo horizontal color - transparent background.png",
                "style": Object {
                  "height": "48px",
                  "marginTop": "15px",
                  "width": "auto",
                },
              },
              "ref": null,
              "rendered": null,
              "type": "img",
            },
            " ",
          ],
          "type": "a",
        },
      ],
      "type": "div",
    },
    "type": "div",
  },
  Symbol(enzyme.__nodes__): Array [
    Object {
      "instance": null,
      "key": undefined,
      "nodeType": "host",
      "props": Object {
        "children": <div
          style={
                    Object {
                              "alignItems": "center",
                              "border": "0px dashed red",
                              "color": "#264D8F",
                              "display": "flex",
                              "flexWrap": "wrap",
                              "justifyContent": "center",
                              "width": 675,
                            }
          }
>
          <div
                    style={
                              Object {
                                        "border": "0px dashed yellow",
                                        "flexGrow": "none",
                                        "flexShrink": "none",
                                        "fontFamily": "'News Cycle', sans-serif",
                                        "height": "78px",
                                        "lineHeight": "80px",
                                        "overflow": "hidden",
                                        "textAlign": "center",
                                        "width": 675,
                                      }
                    }
          >
                    <div>
                              <span
                                        style={
                                                  Object {
                                                            "fontSize": "40px",
                                                            "textTransform": "uppercase",
                                                          }
                                        }
                              >
                                        the 
                              </span>
                              <span
                                        style={
                                                  Object {
                                                            "fontSize": "80px",
                                                            "textTransform": "uppercase",
                                                          }
                                        }
                              >
                                        Periodic Table
                              </span>
                              <span
                                        style={
                                                  Object {
                                                            "fontSize": "40px",
                                                            "textTransform": "uppercase",
                                                          }
                                        }
                              >
                                         of
                              </span>
                    </div>
          </div>
          <div
                    style={
                              Object {
                                        "backgroundColor": "#264D8F",
                                        "color": "#ffffff",
                                        "flexGrow": "none",
                                        "flexShrink": "none",
                                        "fontSize": "80px",
                                        "lineHeight": "80px",
                                        "padding": "10px",
                                        "textAlign": "center",
                                        "width": 675,
                                      }
                    }
          >
                    Office 365
          </div>
          <a
                    href="https://medium.com/jumpto365/latest/home"
                    target="_blank"
          >
                    <img
                              src="Logo horizontal color - transparent background.png"
                              style={
                                        Object {
                                                  "height": "48px",
                                                  "marginTop": "15px",
                                                  "width": "auto",
                                                }
                              }
                    />
                     
          </a>
</div>,
        "style": Object {
          "transform": "scale(NaN)",
          "transformOrigin": " 0 0 0 ",
        },
      },
      "ref": null,
      "rendered": Object {
        "instance": null,
        "key": undefined,
        "nodeType": "host",
        "props": Object {
          "children": Array [
            <div
              style={
                            Object {
                                          "border": "0px dashed yellow",
                                          "flexGrow": "none",
                                          "flexShrink": "none",
                                          "fontFamily": "'News Cycle', sans-serif",
                                          "height": "78px",
                                          "lineHeight": "80px",
                                          "overflow": "hidden",
                                          "textAlign": "center",
                                          "width": 675,
                                        }
              }
>
              <div>
                            <span
                                          style={
                                                        Object {
                                                                      "fontSize": "40px",
                                                                      "textTransform": "uppercase",
                                                                    }
                                          }
                            >
                                          the 
                            </span>
                            <span
                                          style={
                                                        Object {
                                                                      "fontSize": "80px",
                                                                      "textTransform": "uppercase",
                                                                    }
                                          }
                            >
                                          Periodic Table
                            </span>
                            <span
                                          style={
                                                        Object {
                                                                      "fontSize": "40px",
                                                                      "textTransform": "uppercase",
                                                                    }
                                          }
                            >
                                           of
                            </span>
              </div>
</div>,
            <div
              style={
                            Object {
                                          "backgroundColor": "#264D8F",
                                          "color": "#ffffff",
                                          "flexGrow": "none",
                                          "flexShrink": "none",
                                          "fontSize": "80px",
                                          "lineHeight": "80px",
                                          "padding": "10px",
                                          "textAlign": "center",
                                          "width": 675,
                                        }
              }
>
              Office 365
</div>,
            <a
              href="https://medium.com/jumpto365/latest/home"
              target="_blank"
>
              <img
                            src="Logo horizontal color - transparent background.png"
                            style={
                                          Object {
                                                        "height": "48px",
                                                        "marginTop": "15px",
                                                        "width": "auto",
                                                      }
                            }
              />
               
</a>,
          ],
          "style": Object {
            "alignItems": "center",
            "border": "0px dashed red",
            "color": "#264D8F",
            "display": "flex",
            "flexWrap": "wrap",
            "justifyContent": "center",
            "width": 675,
          },
        },
        "ref": null,
        "rendered": Array [
          Object {
            "instance": null,
            "key": undefined,
            "nodeType": "host",
            "props": Object {
              "children": <div>
                <span
                                style={
                                                Object {
                                                                "fontSize": "40px",
                                                                "textTransform": "uppercase",
                                                              }
                                }
                >
                                the 
                </span>
                <span
                                style={
                                                Object {
                                                                "fontSize": "80px",
                                                                "textTransform": "uppercase",
                                                              }
                                }
                >
                                Periodic Table
                </span>
                <span
                                style={
                                                Object {
                                                                "fontSize": "40px",
                                                                "textTransform": "uppercase",
                                                              }
                                }
                >
                                 of
                </span>
</div>,
              "style": Object {
                "border": "0px dashed yellow",
                "flexGrow": "none",
                "flexShrink": "none",
                "fontFamily": "'News Cycle', sans-serif",
                "height": "78px",
                "lineHeight": "80px",
                "overflow": "hidden",
                "textAlign": "center",
                "width": 675,
              },
            },
            "ref": null,
            "rendered": Object {
              "instance": null,
              "key": undefined,
              "nodeType": "host",
              "props": Object {
                "children": Array [
                  <span
                    style={
                                        Object {
                                                            "fontSize": "40px",
                                                            "textTransform": "uppercase",
                                                          }
                    }
>
                    the 
</span>,
                  <span
                    style={
                                        Object {
                                                            "fontSize": "80px",
                                                            "textTransform": "uppercase",
                                                          }
                    }
>
                    Periodic Table
</span>,
                  <span
                    style={
                                        Object {
                                                            "fontSize": "40px",
                                                            "textTransform": "uppercase",
                                                          }
                    }
>
                     of
</span>,
                ],
              },
              "ref": Object {
                "current": null,
              },
              "rendered": Array [
                Object {
                  "instance": null,
                  "key": undefined,
                  "nodeType": "host",
                  "props": Object {
                    "children": "the ",
                    "style": Object {
                      "fontSize": "40px",
                      "textTransform": "uppercase",
                    },
                  },
                  "ref": null,
                  "rendered": "the ",
                  "type": "span",
                },
                Object {
                  "instance": null,
                  "key": undefined,
                  "nodeType": "host",
                  "props": Object {
                    "children": "Periodic Table",
                    "style": Object {
                      "fontSize": "80px",
                      "textTransform": "uppercase",
                    },
                  },
                  "ref": null,
                  "rendered": "Periodic Table",
                  "type": "span",
                },
                Object {
                  "instance": null,
                  "key": undefined,
                  "nodeType": "host",
                  "props": Object {
                    "children": " of",
                    "style": Object {
                      "fontSize": "40px",
                      "textTransform": "uppercase",
                    },
                  },
                  "ref": null,
                  "rendered": " of",
                  "type": "span",
                },
              ],
              "type": "div",
            },
            "type": "div",
          },
          Object {
            "instance": null,
            "key": undefined,
            "nodeType": "host",
            "props": Object {
              "children": Array [
                "Office 365",
                undefined,
              ],
              "style": Object {
                "backgroundColor": "#264D8F",
                "color": "#ffffff",
                "flexGrow": "none",
                "flexShrink": "none",
                "fontSize": "80px",
                "lineHeight": "80px",
                "padding": "10px",
                "textAlign": "center",
                "width": 675,
              },
            },
            "ref": null,
            "rendered": Array [
              "Office 365",
              undefined,
            ],
            "type": "div",
          },
          Object {
            "instance": null,
            "key": undefined,
            "nodeType": "host",
            "props": Object {
              "children": Array [
                <img
                  src="Logo horizontal color - transparent background.png"
                  style={
                                    Object {
                                                      "height": "48px",
                                                      "marginTop": "15px",
                                                      "width": "auto",
                                                    }
                  }
/>,
                " ",
              ],
              "href": "https://medium.com/jumpto365/latest/home",
              "target": "_blank",
            },
            "ref": null,
            "rendered": Array [
              Object {
                "instance": null,
                "key": undefined,
                "nodeType": "host",
                "props": Object {
                  "src": "Logo horizontal color - transparent background.png",
                  "style": Object {
                    "height": "48px",
                    "marginTop": "15px",
                    "width": "auto",
                  },
                },
                "ref": null,
                "rendered": null,
                "type": "img",
              },
              " ",
            ],
            "type": "a",
          },
        ],
        "type": "div",
      },
      "type": "div",
    },
  ],
  Symbol(enzyme.__options__): Object {
    "adapter": ReactSixteenAdapter {
      "options": Object {
        "enableComponentDidUpdateOnSetState": true,
      },
    },
  },
}
`;
