// Jest Snapshot v1, https://goo.gl/fbAQLP

exports[`Check that it renders 1`] = `
ShallowWrapper {
  "length": 1,
  Symbol(enzyme.__root__): [Circular],
  Symbol(enzyme.__unrendered__): <PageHeader
    about="🍕"
/>,
  Symbol(enzyme.__renderer__): Object {
    "batchedUpdates": [Function],
    "getNode": [Function],
    "render": [Function],
    "simulateEvent": [Function],
    "unmount": [Function],
  },
  Symbol(enzyme.__node__): Object {
    "instance": null,
    "key": undefined,
    "nodeType": "host",
    "props": Object {
      "children": <div
        style={
                Object {
                        "backgroundColor": undefined,
                        "clear": "both",
                        "marginLeft": "-8px",
                        "marginRight": "-8px",
                      }
        }
>
        <div
                className="ms-Grid"
                style={
                        Object {
                                "color": "#ffffff",
                                "height": "48px",
                                "lineHeight": "48px",
                              }
                }
        >
                <div
                        className="ms-Grid-row"
                >
                        <div
                                className="ms-Grid-col ms-sm9 ms-fontSize-xxl ms-fontWeight-semilight"
                                style={
                                        Object {
                                                "marginLeft": "8px",
                                                "maxHeight": "48px",
                                                "overflow": "clip",
                                              }
                                }
                        >
                                <span
                                        style={
                                                Object {
                                                        "display": "inline-block",
                                                      }
                                        }
                                />
                                 
                                <span
                                        style={
                                                Object {
                                                        "display": "inline",
                                                        "maxHeight": "48px",
                                                        "textOverflow": "clip",
                                                        "verticalAlign": "top",
                                                        "width": "100%",
                                                      }
                                        }
                                        title={undefined}
                                />
                        </div>
                        <div
                                className="ms-Grid-col ms-sm2  "
                                style={
                                        Object {
                                                "textAlign": "right",
                                              }
                                }
                        />
                </div>
        </div>
        <div
                style={
                        Object {
                                "clear": "both",
                              }
                }
        />
</div>,
      "id": "pageheader",
      "style": Object {
        "marginBottom": "8px",
      },
    },
    "ref": null,
    "rendered": Object {
      "instance": null,
      "key": undefined,
      "nodeType": "host",
      "props": Object {
        "children": Array [
          <div
            className="ms-Grid"
            style={
                        Object {
                                    "color": "#ffffff",
                                    "height": "48px",
                                    "lineHeight": "48px",
                                  }
            }
>
            <div
                        className="ms-Grid-row"
            >
                        <div
                                    className="ms-Grid-col ms-sm9 ms-fontSize-xxl ms-fontWeight-semilight"
                                    style={
                                                Object {
                                                            "marginLeft": "8px",
                                                            "maxHeight": "48px",
                                                            "overflow": "clip",
                                                          }
                                    }
                        >
                                    <span
                                                style={
                                                            Object {
                                                                        "display": "inline-block",
                                                                      }
                                                }
                                    />
                                     
                                    <span
                                                style={
                                                            Object {
                                                                        "display": "inline",
                                                                        "maxHeight": "48px",
                                                                        "textOverflow": "clip",
                                                                        "verticalAlign": "top",
                                                                        "width": "100%",
                                                                      }
                                                }
                                                title={undefined}
                                    />
                        </div>
                        <div
                                    className="ms-Grid-col ms-sm2  "
                                    style={
                                                Object {
                                                            "textAlign": "right",
                                                          }
                                    }
                        />
            </div>
</div>,
          <div
            style={
                        Object {
                                    "clear": "both",
                                  }
            }
/>,
        ],
        "style": Object {
          "backgroundColor": undefined,
          "clear": "both",
          "marginLeft": "-8px",
          "marginRight": "-8px",
        },
      },
      "ref": null,
      "rendered": Array [
        Object {
          "instance": null,
          "key": undefined,
          "nodeType": "host",
          "props": Object {
            "children": <div
              className="ms-Grid-row"
>
              <div
                            className="ms-Grid-col ms-sm9 ms-fontSize-xxl ms-fontWeight-semilight"
                            style={
                                          Object {
                                                        "marginLeft": "8px",
                                                        "maxHeight": "48px",
                                                        "overflow": "clip",
                                                      }
                            }
              >
                            <span
                                          style={
                                                        Object {
                                                                      "display": "inline-block",
                                                                    }
                                          }
                            />
                             
                            <span
                                          style={
                                                        Object {
                                                                      "display": "inline",
                                                                      "maxHeight": "48px",
                                                                      "textOverflow": "clip",
                                                                      "verticalAlign": "top",
                                                                      "width": "100%",
                                                                    }
                                          }
                                          title={undefined}
                            />
              </div>
              <div
                            className="ms-Grid-col ms-sm2  "
                            style={
                                          Object {
                                                        "textAlign": "right",
                                                      }
                            }
              />
</div>,
            "className": "ms-Grid",
            "style": Object {
              "color": "#ffffff",
              "height": "48px",
              "lineHeight": "48px",
            },
          },
          "ref": null,
          "rendered": Object {
            "instance": null,
            "key": undefined,
            "nodeType": "host",
            "props": Object {
              "children": Array [
                <div
                  className="ms-Grid-col ms-sm9 ms-fontSize-xxl ms-fontWeight-semilight"
                  style={
                                    Object {
                                                      "marginLeft": "8px",
                                                      "maxHeight": "48px",
                                                      "overflow": "clip",
                                                    }
                  }
>
                  <span
                                    style={
                                                      Object {
                                                                        "display": "inline-block",
                                                                      }
                                    }
                  />
                   
                  <span
                                    style={
                                                      Object {
                                                                        "display": "inline",
                                                                        "maxHeight": "48px",
                                                                        "textOverflow": "clip",
                                                                        "verticalAlign": "top",
                                                                        "width": "100%",
                                                                      }
                                    }
                                    title={undefined}
                  />
</div>,
                <div
                  className="ms-Grid-col ms-sm2  "
                  style={
                                    Object {
                                                      "textAlign": "right",
                                                    }
                  }
/>,
              ],
              "className": "ms-Grid-row",
            },
            "ref": null,
            "rendered": Array [
              Object {
                "instance": null,
                "key": undefined,
                "nodeType": "host",
                "props": Object {
                  "children": Array [
                    <span
                      style={
                                            Object {
                                                                  "display": "inline-block",
                                                                }
                      }
/>,
                    " ",
                    <span
                      style={
                                            Object {
                                                                  "display": "inline",
                                                                  "maxHeight": "48px",
                                                                  "textOverflow": "clip",
                                                                  "verticalAlign": "top",
                                                                  "width": "100%",
                                                                }
                      }
                      title={undefined}
/>,
                  ],
                  "className": "ms-Grid-col ms-sm9 ms-fontSize-xxl ms-fontWeight-semilight",
                  "style": Object {
                    "marginLeft": "8px",
                    "maxHeight": "48px",
                    "overflow": "clip",
                  },
                },
                "ref": null,
                "rendered": Array [
                  Object {
                    "instance": null,
                    "key": undefined,
                    "nodeType": "host",
                    "props": Object {
                      "children": null,
                      "style": Object {
                        "display": "inline-block",
                      },
                    },
                    "ref": null,
                    "rendered": null,
                    "type": "span",
                  },
                  " ",
                  Object {
                    "instance": null,
                    "key": undefined,
                    "nodeType": "host",
                    "props": Object {
                      "children": undefined,
                      "style": Object {
                        "display": "inline",
                        "maxHeight": "48px",
                        "textOverflow": "clip",
                        "verticalAlign": "top",
                        "width": "100%",
                      },
                      "title": undefined,
                    },
                    "ref": null,
                    "rendered": null,
                    "type": "span",
                  },
                ],
                "type": "div",
              },
              Object {
                "instance": null,
                "key": undefined,
                "nodeType": "host",
                "props": Object {
                  "children": undefined,
                  "className": "ms-Grid-col ms-sm2  ",
                  "style": Object {
                    "textAlign": "right",
                  },
                },
                "ref": null,
                "rendered": null,
                "type": "div",
              },
            ],
            "type": "div",
          },
          "type": "div",
        },
        Object {
          "instance": null,
          "key": undefined,
          "nodeType": "host",
          "props": Object {
            "style": Object {
              "clear": "both",
            },
          },
          "ref": null,
          "rendered": null,
          "type": "div",
        },
      ],
      "type": "div",
    },
    "type": "div",
  },
  Symbol(enzyme.__nodes__): Array [
    Object {
      "instance": null,
      "key": undefined,
      "nodeType": "host",
      "props": Object {
        "children": <div
          style={
                    Object {
                              "backgroundColor": undefined,
                              "clear": "both",
                              "marginLeft": "-8px",
                              "marginRight": "-8px",
                            }
          }
>
          <div
                    className="ms-Grid"
                    style={
                              Object {
                                        "color": "#ffffff",
                                        "height": "48px",
                                        "lineHeight": "48px",
                                      }
                    }
          >
                    <div
                              className="ms-Grid-row"
                    >
                              <div
                                        className="ms-Grid-col ms-sm9 ms-fontSize-xxl ms-fontWeight-semilight"
                                        style={
                                                  Object {
                                                            "marginLeft": "8px",
                                                            "maxHeight": "48px",
                                                            "overflow": "clip",
                                                          }
                                        }
                              >
                                        <span
                                                  style={
                                                            Object {
                                                                      "display": "inline-block",
                                                                    }
                                                  }
                                        />
                                         
                                        <span
                                                  style={
                                                            Object {
                                                                      "display": "inline",
                                                                      "maxHeight": "48px",
                                                                      "textOverflow": "clip",
                                                                      "verticalAlign": "top",
                                                                      "width": "100%",
                                                                    }
                                                  }
                                                  title={undefined}
                                        />
                              </div>
                              <div
                                        className="ms-Grid-col ms-sm2  "
                                        style={
                                                  Object {
                                                            "textAlign": "right",
                                                          }
                                        }
                              />
                    </div>
          </div>
          <div
                    style={
                              Object {
                                        "clear": "both",
                                      }
                    }
          />
</div>,
        "id": "pageheader",
        "style": Object {
          "marginBottom": "8px",
        },
      },
      "ref": null,
      "rendered": Object {
        "instance": null,
        "key": undefined,
        "nodeType": "host",
        "props": Object {
          "children": Array [
            <div
              className="ms-Grid"
              style={
                            Object {
                                          "color": "#ffffff",
                                          "height": "48px",
                                          "lineHeight": "48px",
                                        }
              }
>
              <div
                            className="ms-Grid-row"
              >
                            <div
                                          className="ms-Grid-col ms-sm9 ms-fontSize-xxl ms-fontWeight-semilight"
                                          style={
                                                        Object {
                                                                      "marginLeft": "8px",
                                                                      "maxHeight": "48px",
                                                                      "overflow": "clip",
                                                                    }
                                          }
                            >
                                          <span
                                                        style={
                                                                      Object {
                                                                                    "display": "inline-block",
                                                                                  }
                                                        }
                                          />
                                           
                                          <span
                                                        style={
                                                                      Object {
                                                                                    "display": "inline",
                                                                                    "maxHeight": "48px",
                                                                                    "textOverflow": "clip",
                                                                                    "verticalAlign": "top",
                                                                                    "width": "100%",
                                                                                  }
                                                        }
                                                        title={undefined}
                                          />
                            </div>
                            <div
                                          className="ms-Grid-col ms-sm2  "
                                          style={
                                                        Object {
                                                                      "textAlign": "right",
                                                                    }
                                          }
                            />
              </div>
</div>,
            <div
              style={
                            Object {
                                          "clear": "both",
                                        }
              }
/>,
          ],
          "style": Object {
            "backgroundColor": undefined,
            "clear": "both",
            "marginLeft": "-8px",
            "marginRight": "-8px",
          },
        },
        "ref": null,
        "rendered": Array [
          Object {
            "instance": null,
            "key": undefined,
            "nodeType": "host",
            "props": Object {
              "children": <div
                className="ms-Grid-row"
>
                <div
                                className="ms-Grid-col ms-sm9 ms-fontSize-xxl ms-fontWeight-semilight"
                                style={
                                                Object {
                                                                "marginLeft": "8px",
                                                                "maxHeight": "48px",
                                                                "overflow": "clip",
                                                              }
                                }
                >
                                <span
                                                style={
                                                                Object {
                                                                                "display": "inline-block",
                                                                              }
                                                }
                                />
                                 
                                <span
                                                style={
                                                                Object {
                                                                                "display": "inline",
                                                                                "maxHeight": "48px",
                                                                                "textOverflow": "clip",
                                                                                "verticalAlign": "top",
                                                                                "width": "100%",
                                                                              }
                                                }
                                                title={undefined}
                                />
                </div>
                <div
                                className="ms-Grid-col ms-sm2  "
                                style={
                                                Object {
                                                                "textAlign": "right",
                                                              }
                                }
                />
</div>,
              "className": "ms-Grid",
              "style": Object {
                "color": "#ffffff",
                "height": "48px",
                "lineHeight": "48px",
              },
            },
            "ref": null,
            "rendered": Object {
              "instance": null,
              "key": undefined,
              "nodeType": "host",
              "props": Object {
                "children": Array [
                  <div
                    className="ms-Grid-col ms-sm9 ms-fontSize-xxl ms-fontWeight-semilight"
                    style={
                                        Object {
                                                            "marginLeft": "8px",
                                                            "maxHeight": "48px",
                                                            "overflow": "clip",
                                                          }
                    }
>
                    <span
                                        style={
                                                            Object {
                                                                                "display": "inline-block",
                                                                              }
                                        }
                    />
                     
                    <span
                                        style={
                                                            Object {
                                                                                "display": "inline",
                                                                                "maxHeight": "48px",
                                                                                "textOverflow": "clip",
                                                                                "verticalAlign": "top",
                                                                                "width": "100%",
                                                                              }
                                        }
                                        title={undefined}
                    />
</div>,
                  <div
                    className="ms-Grid-col ms-sm2  "
                    style={
                                        Object {
                                                            "textAlign": "right",
                                                          }
                    }
/>,
                ],
                "className": "ms-Grid-row",
              },
              "ref": null,
              "rendered": Array [
                Object {
                  "instance": null,
                  "key": undefined,
                  "nodeType": "host",
                  "props": Object {
                    "children": Array [
                      <span
                        style={
                                                Object {
                                                                        "display": "inline-block",
                                                                      }
                        }
/>,
                      " ",
                      <span
                        style={
                                                Object {
                                                                        "display": "inline",
                                                                        "maxHeight": "48px",
                                                                        "textOverflow": "clip",
                                                                        "verticalAlign": "top",
                                                                        "width": "100%",
                                                                      }
                        }
                        title={undefined}
/>,
                    ],
                    "className": "ms-Grid-col ms-sm9 ms-fontSize-xxl ms-fontWeight-semilight",
                    "style": Object {
                      "marginLeft": "8px",
                      "maxHeight": "48px",
                      "overflow": "clip",
                    },
                  },
                  "ref": null,
                  "rendered": Array [
                    Object {
                      "instance": null,
                      "key": undefined,
                      "nodeType": "host",
                      "props": Object {
                        "children": null,
                        "style": Object {
                          "display": "inline-block",
                        },
                      },
                      "ref": null,
                      "rendered": null,
                      "type": "span",
                    },
                    " ",
                    Object {
                      "instance": null,
                      "key": undefined,
                      "nodeType": "host",
                      "props": Object {
                        "children": undefined,
                        "style": Object {
                          "display": "inline",
                          "maxHeight": "48px",
                          "textOverflow": "clip",
                          "verticalAlign": "top",
                          "width": "100%",
                        },
                        "title": undefined,
                      },
                      "ref": null,
                      "rendered": null,
                      "type": "span",
                    },
                  ],
                  "type": "div",
                },
                Object {
                  "instance": null,
                  "key": undefined,
                  "nodeType": "host",
                  "props": Object {
                    "children": undefined,
                    "className": "ms-Grid-col ms-sm2  ",
                    "style": Object {
                      "textAlign": "right",
                    },
                  },
                  "ref": null,
                  "rendered": null,
                  "type": "div",
                },
              ],
              "type": "div",
            },
            "type": "div",
          },
          Object {
            "instance": null,
            "key": undefined,
            "nodeType": "host",
            "props": Object {
              "style": Object {
                "clear": "both",
              },
            },
            "ref": null,
            "rendered": null,
            "type": "div",
          },
        ],
        "type": "div",
      },
      "type": "div",
    },
  ],
  Symbol(enzyme.__options__): Object {
    "adapter": ReactSixteenAdapter {
      "options": Object {
        "enableComponentDidUpdateOnSetState": true,
      },
    },
  },
}
`;
