// Jest Snapshot v1, https://goo.gl/fbAQLP

exports[`Check that it renders 1`] = `
ShallowWrapper {
  "length": 1,
  Symbol(enzyme.__root__): [Circular],
  Symbol(enzyme.__unrendered__): <AppIconLarge
    backgroundColor="#264D8C"
    iconUrl="https://jumpto365.com/resources/images/app/Word.png"
    name="word"
/>,
  Symbol(enzyme.__renderer__): Object {
    "batchedUpdates": [Function],
    "getNode": [Function],
    "render": [Function],
    "simulateEvent": [Function],
    "unmount": [Function],
  },
  Symbol(enzyme.__node__): Object {
    "instance": null,
    "key": undefined,
    "nodeType": "host",
    "props": Object {
      "children": <img
        className="AppIconLargeImage"
        src="https://jumpto365.com/resources/images/app/Word.png"
/>,
      "className": "AppIconLarge",
      "onClick": undefined,
      "style": Object {
        "backgroundColor": "#264D8C",
        "cursor": "pointer",
      },
    },
    "ref": null,
    "rendered": Object {
      "instance": null,
      "key": undefined,
      "nodeType": "host",
      "props": Object {
        "className": "AppIconLargeImage",
        "src": "https://jumpto365.com/resources/images/app/Word.png",
      },
      "ref": null,
      "rendered": null,
      "type": "img",
    },
    "type": "div",
  },
  Symbol(enzyme.__nodes__): Array [
    Object {
      "instance": null,
      "key": undefined,
      "nodeType": "host",
      "props": Object {
        "children": <img
          className="AppIconLargeImage"
          src="https://jumpto365.com/resources/images/app/Word.png"
/>,
        "className": "AppIconLarge",
        "onClick": undefined,
        "style": Object {
          "backgroundColor": "#264D8C",
          "cursor": "pointer",
        },
      },
      "ref": null,
      "rendered": Object {
        "instance": null,
        "key": undefined,
        "nodeType": "host",
        "props": Object {
          "className": "AppIconLargeImage",
          "src": "https://jumpto365.com/resources/images/app/Word.png",
        },
        "ref": null,
        "rendered": null,
        "type": "img",
      },
      "type": "div",
    },
  ],
  Symbol(enzyme.__options__): Object {
    "adapter": ReactSixteenAdapter {
      "options": Object {
        "enableComponentDidUpdateOnSetState": true,
      },
    },
  },
}
`;
