// Jest Snapshot v1, https://goo.gl/fbAQLP

exports[`Check that it renders 1`] = `
ShallowWrapper {
  "length": 1,
  Symbol(enzyme.__root__): [Circular],
  Symbol(enzyme.__unrendered__): <AppGroup
    about="🍕"
    apps={
        Array [
            "word",
            "excel",
            "teams",
            "unknown",
          ]
    }
/>,
  Symbol(enzyme.__renderer__): Object {
    "batchedUpdates": [Function],
    "getNode": [Function],
    "render": [Function],
    "simulateEvent": [Function],
    "unmount": [Function],
  },
  Symbol(enzyme.__node__): Object {
    "instance": null,
    "key": undefined,
    "nodeType": "function",
    "props": Object {
      "data": Object {
        "apps": Array [
          "word",
          "excel",
          "teams",
          "unknown",
        ],
        "cacheKey": "10",
        "leftCount": 10,
        "rightCount": 0,
      },
      "onReduceData": [Function],
      "onRenderData": [Function],
    },
    "ref": null,
    "rendered": null,
    "type": [Function],
  },
  Symbol(enzyme.__nodes__): Array [
    Object {
      "instance": null,
      "key": undefined,
      "nodeType": "function",
      "props": Object {
        "data": Object {
          "apps": Array [
            "word",
            "excel",
            "teams",
            "unknown",
          ],
          "cacheKey": "10",
          "leftCount": 10,
          "rightCount": 0,
        },
        "onReduceData": [Function],
        "onRenderData": [Function],
      },
      "ref": null,
      "rendered": null,
      "type": [Function],
    },
  ],
  Symbol(enzyme.__options__): Object {
    "adapter": ReactSixteenAdapter {
      "options": Object {
        "enableComponentDidUpdateOnSetState": true,
      },
    },
  },
}
`;
