// Jest Snapshot v1, https://goo.gl/fbAQLP

exports[`Check that it renders 1`] = `
ShallowWrapper {
  "length": 1,
  Symbol(enzyme.__root__): [Circular],
  Symbol(enzyme.__unrendered__): <ToolCardLarge
    color="#264D8C"
    iconUrl="https://jumpto365.com/resources/images/app/Word.png"
    name="word"
/>,
  Symbol(enzyme.__renderer__): Object {
    "batchedUpdates": [Function],
    "getNode": [Function],
    "render": [Function],
    "simulateEvent": [Function],
    "unmount": [Function],
  },
  Symbol(enzyme.__node__): Object {
    "instance": null,
    "key": undefined,
    "nodeType": "host",
    "props": Object {
      "children": Array [
        <div
          className="ToolCardHeader"
          style={
                    Object {
                              "backgroundColor": "#264D8C",
                              "color": "#ffffff",
                            }
          }
>
          <div
                    className="ToolCardIcon"
          >
                    <AppIconMini
                              backgroundColor="#264D8C"
                              iconUrl="https://jumpto365.com/resources/images/app/Word.png"
                              name="word"
                              onClick={[Function]}
                    />
          </div>
          <div
                    className="ToolCardTitle"
                    style={
                              Object {
                                        "lineHeight": "48px",
                                      }
                    }
          >
                    <div
                              className="ms-fontSize-xl ms-fontWeight-semilight"
                    />
          </div>
</div>,
        <div
          className="ToolCardDetails"
>
          <div
                    className="ms-font-m"
          >
                    <ReactPlaceholder
                              color="#CDCDCD"
                              delay={0}
                              ready={false}
                              rows={3}
                              showLoadingAnimation={true}
                              type="text"
                    >
                              No description
                    </ReactPlaceholder>
          </div>
</div>,
      ],
      "className": "ToolCard",
      "onClick": [Function],
    },
    "ref": null,
    "rendered": Array [
      Object {
        "instance": null,
        "key": undefined,
        "nodeType": "host",
        "props": Object {
          "children": Array [
            <div
              className="ToolCardIcon"
>
              <AppIconMini
                            backgroundColor="#264D8C"
                            iconUrl="https://jumpto365.com/resources/images/app/Word.png"
                            name="word"
                            onClick={[Function]}
              />
</div>,
            <div
              className="ToolCardTitle"
              style={
                            Object {
                                          "lineHeight": "48px",
                                        }
              }
>
              <div
                            className="ms-fontSize-xl ms-fontWeight-semilight"
              />
</div>,
          ],
          "className": "ToolCardHeader",
          "style": Object {
            "backgroundColor": "#264D8C",
            "color": "#ffffff",
          },
        },
        "ref": null,
        "rendered": Array [
          Object {
            "instance": null,
            "key": undefined,
            "nodeType": "host",
            "props": Object {
              "children": <AppIconMini
                backgroundColor="#264D8C"
                iconUrl="https://jumpto365.com/resources/images/app/Word.png"
                name="word"
                onClick={[Function]}
/>,
              "className": "ToolCardIcon",
            },
            "ref": null,
            "rendered": Object {
              "instance": null,
              "key": undefined,
              "nodeType": "class",
              "props": Object {
                "backgroundColor": "#264D8C",
                "iconUrl": "https://jumpto365.com/resources/images/app/Word.png",
                "name": "word",
                "onClick": [Function],
              },
              "ref": null,
              "rendered": null,
              "type": [Function],
            },
            "type": "div",
          },
          Object {
            "instance": null,
            "key": undefined,
            "nodeType": "host",
            "props": Object {
              "children": <div
                className="ms-fontSize-xl ms-fontWeight-semilight"
/>,
              "className": "ToolCardTitle",
              "style": Object {
                "lineHeight": "48px",
              },
            },
            "ref": null,
            "rendered": Object {
              "instance": null,
              "key": undefined,
              "nodeType": "host",
              "props": Object {
                "children": undefined,
                "className": "ms-fontSize-xl ms-fontWeight-semilight",
              },
              "ref": null,
              "rendered": null,
              "type": "div",
            },
            "type": "div",
          },
        ],
        "type": "div",
      },
      Object {
        "instance": null,
        "key": undefined,
        "nodeType": "host",
        "props": Object {
          "children": <div
            className="ms-font-m"
>
            <ReactPlaceholder
                        color="#CDCDCD"
                        delay={0}
                        ready={false}
                        rows={3}
                        showLoadingAnimation={true}
                        type="text"
            >
                        No description
            </ReactPlaceholder>
</div>,
          "className": "ToolCardDetails",
        },
        "ref": null,
        "rendered": Object {
          "instance": null,
          "key": undefined,
          "nodeType": "host",
          "props": Object {
            "children": <ReactPlaceholder
              color="#CDCDCD"
              delay={0}
              ready={false}
              rows={3}
              showLoadingAnimation={true}
              type="text"
>
              No description
</ReactPlaceholder>,
            "className": "ms-font-m",
          },
          "ref": null,
          "rendered": Object {
            "instance": null,
            "key": undefined,
            "nodeType": "class",
            "props": Object {
              "children": "No description",
              "color": "#CDCDCD",
              "delay": 0,
              "ready": false,
              "rows": 3,
              "showLoadingAnimation": true,
              "type": "text",
            },
            "ref": null,
            "rendered": "No description",
            "type": [Function],
          },
          "type": "div",
        },
        "type": "div",
      },
    ],
    "type": "div",
  },
  Symbol(enzyme.__nodes__): Array [
    Object {
      "instance": null,
      "key": undefined,
      "nodeType": "host",
      "props": Object {
        "children": Array [
          <div
            className="ToolCardHeader"
            style={
                        Object {
                                    "backgroundColor": "#264D8C",
                                    "color": "#ffffff",
                                  }
            }
>
            <div
                        className="ToolCardIcon"
            >
                        <AppIconMini
                                    backgroundColor="#264D8C"
                                    iconUrl="https://jumpto365.com/resources/images/app/Word.png"
                                    name="word"
                                    onClick={[Function]}
                        />
            </div>
            <div
                        className="ToolCardTitle"
                        style={
                                    Object {
                                                "lineHeight": "48px",
                                              }
                        }
            >
                        <div
                                    className="ms-fontSize-xl ms-fontWeight-semilight"
                        />
            </div>
</div>,
          <div
            className="ToolCardDetails"
>
            <div
                        className="ms-font-m"
            >
                        <ReactPlaceholder
                                    color="#CDCDCD"
                                    delay={0}
                                    ready={false}
                                    rows={3}
                                    showLoadingAnimation={true}
                                    type="text"
                        >
                                    No description
                        </ReactPlaceholder>
            </div>
</div>,
        ],
        "className": "ToolCard",
        "onClick": [Function],
      },
      "ref": null,
      "rendered": Array [
        Object {
          "instance": null,
          "key": undefined,
          "nodeType": "host",
          "props": Object {
            "children": Array [
              <div
                className="ToolCardIcon"
>
                <AppIconMini
                                backgroundColor="#264D8C"
                                iconUrl="https://jumpto365.com/resources/images/app/Word.png"
                                name="word"
                                onClick={[Function]}
                />
</div>,
              <div
                className="ToolCardTitle"
                style={
                                Object {
                                                "lineHeight": "48px",
                                              }
                }
>
                <div
                                className="ms-fontSize-xl ms-fontWeight-semilight"
                />
</div>,
            ],
            "className": "ToolCardHeader",
            "style": Object {
              "backgroundColor": "#264D8C",
              "color": "#ffffff",
            },
          },
          "ref": null,
          "rendered": Array [
            Object {
              "instance": null,
              "key": undefined,
              "nodeType": "host",
              "props": Object {
                "children": <AppIconMini
                  backgroundColor="#264D8C"
                  iconUrl="https://jumpto365.com/resources/images/app/Word.png"
                  name="word"
                  onClick={[Function]}
/>,
                "className": "ToolCardIcon",
              },
              "ref": null,
              "rendered": Object {
                "instance": null,
                "key": undefined,
                "nodeType": "class",
                "props": Object {
                  "backgroundColor": "#264D8C",
                  "iconUrl": "https://jumpto365.com/resources/images/app/Word.png",
                  "name": "word",
                  "onClick": [Function],
                },
                "ref": null,
                "rendered": null,
                "type": [Function],
              },
              "type": "div",
            },
            Object {
              "instance": null,
              "key": undefined,
              "nodeType": "host",
              "props": Object {
                "children": <div
                  className="ms-fontSize-xl ms-fontWeight-semilight"
/>,
                "className": "ToolCardTitle",
                "style": Object {
                  "lineHeight": "48px",
                },
              },
              "ref": null,
              "rendered": Object {
                "instance": null,
                "key": undefined,
                "nodeType": "host",
                "props": Object {
                  "children": undefined,
                  "className": "ms-fontSize-xl ms-fontWeight-semilight",
                },
                "ref": null,
                "rendered": null,
                "type": "div",
              },
              "type": "div",
            },
          ],
          "type": "div",
        },
        Object {
          "instance": null,
          "key": undefined,
          "nodeType": "host",
          "props": Object {
            "children": <div
              className="ms-font-m"
>
              <ReactPlaceholder
                            color="#CDCDCD"
                            delay={0}
                            ready={false}
                            rows={3}
                            showLoadingAnimation={true}
                            type="text"
              >
                            No description
              </ReactPlaceholder>
</div>,
            "className": "ToolCardDetails",
          },
          "ref": null,
          "rendered": Object {
            "instance": null,
            "key": undefined,
            "nodeType": "host",
            "props": Object {
              "children": <ReactPlaceholder
                color="#CDCDCD"
                delay={0}
                ready={false}
                rows={3}
                showLoadingAnimation={true}
                type="text"
>
                No description
</ReactPlaceholder>,
              "className": "ms-font-m",
            },
            "ref": null,
            "rendered": Object {
              "instance": null,
              "key": undefined,
              "nodeType": "class",
              "props": Object {
                "children": "No description",
                "color": "#CDCDCD",
                "delay": 0,
                "ready": false,
                "rows": 3,
                "showLoadingAnimation": true,
                "type": "text",
              },
              "ref": null,
              "rendered": "No description",
              "type": [Function],
            },
            "type": "div",
          },
          "type": "div",
        },
      ],
      "type": "div",
    },
  ],
  Symbol(enzyme.__options__): Object {
    "adapter": ReactSixteenAdapter {
      "options": Object {
        "enableComponentDidUpdateOnSetState": true,
      },
    },
  },
}
`;
