// Jest Snapshot v1, https://goo.gl/fbAQLP

exports[`Check that it renders 1`] = `
ShallowWrapper {
  "length": 1,
  Symbol(enzyme.__root__): [Circular],
  Symbol(enzyme.__unrendered__): <NavigationLeft />,
  Symbol(enzyme.__renderer__): Object {
    "batchedUpdates": [Function],
    "getNode": [Function],
    "render": [Function],
    "simulateEvent": [Function],
    "unmount": [Function],
  },
  Symbol(enzyme.__node__): Object {
    "instance": null,
    "key": undefined,
    "nodeType": "host",
    "props": Object {
      "children": <div
        className="NavLeft"
        style={
                Object {
                        "height": undefined,
                      }
        }
>
        <div
                className="NavContext"
        >
                <NavigationLeftContext
                        globalContext={undefined}
                        isCollapsed={false}
                        tenantName={undefined}
                />
        </div>
        <div
                className="NavLeftGroup"
        >
                <NavigationLeftGroup
                        globalContext={undefined}
                        isCollapsed={false}
                />
        </div>
        <div
                className="NavLeftSettings"
        >
                <NavigationLeftSettings
                        globalContext={undefined}
                        isCollapsed={false}
                        onCollapsed={[Function]}
                />
        </div>
</div>,
      "className": "NavLeftExpanded",
    },
    "ref": null,
    "rendered": Object {
      "instance": null,
      "key": undefined,
      "nodeType": "host",
      "props": Object {
        "children": Array [
          <div
            className="NavContext"
>
            <NavigationLeftContext
                        globalContext={undefined}
                        isCollapsed={false}
                        tenantName={undefined}
            />
</div>,
          <div
            className="NavLeftGroup"
>
            <NavigationLeftGroup
                        globalContext={undefined}
                        isCollapsed={false}
            />
</div>,
          <div
            className="NavLeftSettings"
>
            <NavigationLeftSettings
                        globalContext={undefined}
                        isCollapsed={false}
                        onCollapsed={[Function]}
            />
</div>,
        ],
        "className": "NavLeft",
        "style": Object {
          "height": undefined,
        },
      },
      "ref": null,
      "rendered": Array [
        Object {
          "instance": null,
          "key": undefined,
          "nodeType": "host",
          "props": Object {
            "children": <NavigationLeftContext
              globalContext={undefined}
              isCollapsed={false}
              tenantName={undefined}
/>,
            "className": "NavContext",
          },
          "ref": null,
          "rendered": Object {
            "instance": null,
            "key": undefined,
            "nodeType": "class",
            "props": Object {
              "globalContext": undefined,
              "isCollapsed": false,
              "tenantName": undefined,
            },
            "ref": null,
            "rendered": null,
            "type": [Function],
          },
          "type": "div",
        },
        Object {
          "instance": null,
          "key": undefined,
          "nodeType": "host",
          "props": Object {
            "children": <NavigationLeftGroup
              globalContext={undefined}
              isCollapsed={false}
/>,
            "className": "NavLeftGroup",
          },
          "ref": null,
          "rendered": Object {
            "instance": null,
            "key": undefined,
            "nodeType": "class",
            "props": Object {
              "globalContext": undefined,
              "isCollapsed": false,
            },
            "ref": null,
            "rendered": null,
            "type": [Function],
          },
          "type": "div",
        },
        Object {
          "instance": null,
          "key": undefined,
          "nodeType": "host",
          "props": Object {
            "children": <NavigationLeftSettings
              globalContext={undefined}
              isCollapsed={false}
              onCollapsed={[Function]}
/>,
            "className": "NavLeftSettings",
          },
          "ref": null,
          "rendered": Object {
            "instance": null,
            "key": undefined,
            "nodeType": "class",
            "props": Object {
              "globalContext": undefined,
              "isCollapsed": false,
              "onCollapsed": [Function],
            },
            "ref": null,
            "rendered": null,
            "type": [Function],
          },
          "type": "div",
        },
      ],
      "type": "div",
    },
    "type": "div",
  },
  Symbol(enzyme.__nodes__): Array [
    Object {
      "instance": null,
      "key": undefined,
      "nodeType": "host",
      "props": Object {
        "children": <div
          className="NavLeft"
          style={
                    Object {
                              "height": undefined,
                            }
          }
>
          <div
                    className="NavContext"
          >
                    <NavigationLeftContext
                              globalContext={undefined}
                              isCollapsed={false}
                              tenantName={undefined}
                    />
          </div>
          <div
                    className="NavLeftGroup"
          >
                    <NavigationLeftGroup
                              globalContext={undefined}
                              isCollapsed={false}
                    />
          </div>
          <div
                    className="NavLeftSettings"
          >
                    <NavigationLeftSettings
                              globalContext={undefined}
                              isCollapsed={false}
                              onCollapsed={[Function]}
                    />
          </div>
</div>,
        "className": "NavLeftExpanded",
      },
      "ref": null,
      "rendered": Object {
        "instance": null,
        "key": undefined,
        "nodeType": "host",
        "props": Object {
          "children": Array [
            <div
              className="NavContext"
>
              <NavigationLeftContext
                            globalContext={undefined}
                            isCollapsed={false}
                            tenantName={undefined}
              />
</div>,
            <div
              className="NavLeftGroup"
>
              <NavigationLeftGroup
                            globalContext={undefined}
                            isCollapsed={false}
              />
</div>,
            <div
              className="NavLeftSettings"
>
              <NavigationLeftSettings
                            globalContext={undefined}
                            isCollapsed={false}
                            onCollapsed={[Function]}
              />
</div>,
          ],
          "className": "NavLeft",
          "style": Object {
            "height": undefined,
          },
        },
        "ref": null,
        "rendered": Array [
          Object {
            "instance": null,
            "key": undefined,
            "nodeType": "host",
            "props": Object {
              "children": <NavigationLeftContext
                globalContext={undefined}
                isCollapsed={false}
                tenantName={undefined}
/>,
              "className": "NavContext",
            },
            "ref": null,
            "rendered": Object {
              "instance": null,
              "key": undefined,
              "nodeType": "class",
              "props": Object {
                "globalContext": undefined,
                "isCollapsed": false,
                "tenantName": undefined,
              },
              "ref": null,
              "rendered": null,
              "type": [Function],
            },
            "type": "div",
          },
          Object {
            "instance": null,
            "key": undefined,
            "nodeType": "host",
            "props": Object {
              "children": <NavigationLeftGroup
                globalContext={undefined}
                isCollapsed={false}
/>,
              "className": "NavLeftGroup",
            },
            "ref": null,
            "rendered": Object {
              "instance": null,
              "key": undefined,
              "nodeType": "class",
              "props": Object {
                "globalContext": undefined,
                "isCollapsed": false,
              },
              "ref": null,
              "rendered": null,
              "type": [Function],
            },
            "type": "div",
          },
          Object {
            "instance": null,
            "key": undefined,
            "nodeType": "host",
            "props": Object {
              "children": <NavigationLeftSettings
                globalContext={undefined}
                isCollapsed={false}
                onCollapsed={[Function]}
/>,
              "className": "NavLeftSettings",
            },
            "ref": null,
            "rendered": Object {
              "instance": null,
              "key": undefined,
              "nodeType": "class",
              "props": Object {
                "globalContext": undefined,
                "isCollapsed": false,
                "onCollapsed": [Function],
              },
              "ref": null,
              "rendered": null,
              "type": [Function],
            },
            "type": "div",
          },
        ],
        "type": "div",
      },
      "type": "div",
    },
  ],
  Symbol(enzyme.__options__): Object {
    "adapter": ReactSixteenAdapter {
      "options": Object {
        "enableComponentDidUpdateOnSetState": true,
      },
    },
  },
}
`;
