// Jest Snapshot v1, https://goo.gl/fbAQLP

exports[`Check that it renders 1`] = `
ShallowWrapper {
  "length": 1,
  Symbol(enzyme.__root__): [Circular],
  Symbol(enzyme.__unrendered__): <NavigationFooter
    about="🍕"
/>,
  Symbol(enzyme.__renderer__): Object {
    "batchedUpdates": [Function],
    "getNode": [Function],
    "render": [Function],
    "simulateEvent": [Function],
    "unmount": [Function],
  },
  Symbol(enzyme.__node__): Object {
    "instance": null,
    "key": undefined,
    "nodeType": "host",
    "props": Object {
      "children": <div
        className="NavigationFooterContent ms-font-m"
>
        <div
                style={
                        Object {
                                "float": "right",
                              }
                }
        >
                Version 
                <VersionId />
        </div>
        <div>
                Orginal Design ©2017-18 
                <a
                        href="https://twitter.com/thatmattwade"
                        rel="noopener noreferrer"
                        target="_blank"
                >
                        Matt Wade
                </a>
                 & 
                <a
                        href="http://icansharepoint.com"
                        rel="noopener noreferrer"
                        target="_blank"
                >
                        icansharepoint.com
                </a>
                  Web Development ©2017-18  
                <a
                        href="https://twitter.com/niegrejoh"
                        rel="noopener noreferrer"
                        target="_blank"
                >
                        Niels Gregers Johansen
                </a>
                  
                <a
                        href="https://www.hexatown.com"
                        rel="noopener noreferrer"
                        target="_blank"
                >
                        hexatown.com
                </a>
                   
        </div>
</div>,
      "className": "NavigationFooter",
    },
    "ref": null,
    "rendered": Object {
      "instance": null,
      "key": undefined,
      "nodeType": "host",
      "props": Object {
        "children": Array [
          <div
            style={
                        Object {
                                    "float": "right",
                                  }
            }
>
            Version 
            <VersionId />
</div>,
          <div>
            Orginal Design ©2017-18 
            <a
                        href="https://twitter.com/thatmattwade"
                        rel="noopener noreferrer"
                        target="_blank"
            >
                        Matt Wade
            </a>
             & 
            <a
                        href="http://icansharepoint.com"
                        rel="noopener noreferrer"
                        target="_blank"
            >
                        icansharepoint.com
            </a>
              Web Development ©2017-18  
            <a
                        href="https://twitter.com/niegrejoh"
                        rel="noopener noreferrer"
                        target="_blank"
            >
                        Niels Gregers Johansen
            </a>
              
            <a
                        href="https://www.hexatown.com"
                        rel="noopener noreferrer"
                        target="_blank"
            >
                        hexatown.com
            </a>
               
</div>,
        ],
        "className": "NavigationFooterContent ms-font-m",
      },
      "ref": null,
      "rendered": Array [
        Object {
          "instance": null,
          "key": undefined,
          "nodeType": "host",
          "props": Object {
            "children": Array [
              "Version ",
              <VersionId />,
            ],
            "style": Object {
              "float": "right",
            },
          },
          "ref": null,
          "rendered": Array [
            "Version ",
            Object {
              "instance": null,
              "key": undefined,
              "nodeType": "class",
              "props": Object {},
              "ref": null,
              "rendered": null,
              "type": [Function],
            },
          ],
          "type": "div",
        },
        Object {
          "instance": null,
          "key": undefined,
          "nodeType": "host",
          "props": Object {
            "children": Array [
              "Orginal Design ©2017-18 ",
              <a
                href="https://twitter.com/thatmattwade"
                rel="noopener noreferrer"
                target="_blank"
>
                Matt Wade
</a>,
              " & ",
              <a
                href="http://icansharepoint.com"
                rel="noopener noreferrer"
                target="_blank"
>
                icansharepoint.com
</a>,
              "  Web Development ©2017-18  ",
              <a
                href="https://twitter.com/niegrejoh"
                rel="noopener noreferrer"
                target="_blank"
>
                Niels Gregers Johansen
</a>,
              "  ",
              <a
                href="https://www.hexatown.com"
                rel="noopener noreferrer"
                target="_blank"
>
                hexatown.com
</a>,
              "   ",
            ],
          },
          "ref": null,
          "rendered": Array [
            "Orginal Design ©2017-18 ",
            Object {
              "instance": null,
              "key": undefined,
              "nodeType": "host",
              "props": Object {
                "children": "Matt Wade",
                "href": "https://twitter.com/thatmattwade",
                "rel": "noopener noreferrer",
                "target": "_blank",
              },
              "ref": null,
              "rendered": "Matt Wade",
              "type": "a",
            },
            " & ",
            Object {
              "instance": null,
              "key": undefined,
              "nodeType": "host",
              "props": Object {
                "children": "icansharepoint.com",
                "href": "http://icansharepoint.com",
                "rel": "noopener noreferrer",
                "target": "_blank",
              },
              "ref": null,
              "rendered": "icansharepoint.com",
              "type": "a",
            },
            "  Web Development ©2017-18  ",
            Object {
              "instance": null,
              "key": undefined,
              "nodeType": "host",
              "props": Object {
                "children": "Niels Gregers Johansen",
                "href": "https://twitter.com/niegrejoh",
                "rel": "noopener noreferrer",
                "target": "_blank",
              },
              "ref": null,
              "rendered": "Niels Gregers Johansen",
              "type": "a",
            },
            "  ",
            Object {
              "instance": null,
              "key": undefined,
              "nodeType": "host",
              "props": Object {
                "children": "hexatown.com",
                "href": "https://www.hexatown.com",
                "rel": "noopener noreferrer",
                "target": "_blank",
              },
              "ref": null,
              "rendered": "hexatown.com",
              "type": "a",
            },
            "   ",
          ],
          "type": "div",
        },
      ],
      "type": "div",
    },
    "type": "div",
  },
  Symbol(enzyme.__nodes__): Array [
    Object {
      "instance": null,
      "key": undefined,
      "nodeType": "host",
      "props": Object {
        "children": <div
          className="NavigationFooterContent ms-font-m"
>
          <div
                    style={
                              Object {
                                        "float": "right",
                                      }
                    }
          >
                    Version 
                    <VersionId />
          </div>
          <div>
                    Orginal Design ©2017-18 
                    <a
                              href="https://twitter.com/thatmattwade"
                              rel="noopener noreferrer"
                              target="_blank"
                    >
                              Matt Wade
                    </a>
                     & 
                    <a
                              href="http://icansharepoint.com"
                              rel="noopener noreferrer"
                              target="_blank"
                    >
                              icansharepoint.com
                    </a>
                      Web Development ©2017-18  
                    <a
                              href="https://twitter.com/niegrejoh"
                              rel="noopener noreferrer"
                              target="_blank"
                    >
                              Niels Gregers Johansen
                    </a>
                      
                    <a
                              href="https://www.hexatown.com"
                              rel="noopener noreferrer"
                              target="_blank"
                    >
                              hexatown.com
                    </a>
                       
          </div>
</div>,
        "className": "NavigationFooter",
      },
      "ref": null,
      "rendered": Object {
        "instance": null,
        "key": undefined,
        "nodeType": "host",
        "props": Object {
          "children": Array [
            <div
              style={
                            Object {
                                          "float": "right",
                                        }
              }
>
              Version 
              <VersionId />
</div>,
            <div>
              Orginal Design ©2017-18 
              <a
                            href="https://twitter.com/thatmattwade"
                            rel="noopener noreferrer"
                            target="_blank"
              >
                            Matt Wade
              </a>
               & 
              <a
                            href="http://icansharepoint.com"
                            rel="noopener noreferrer"
                            target="_blank"
              >
                            icansharepoint.com
              </a>
                Web Development ©2017-18  
              <a
                            href="https://twitter.com/niegrejoh"
                            rel="noopener noreferrer"
                            target="_blank"
              >
                            Niels Gregers Johansen
              </a>
                
              <a
                            href="https://www.hexatown.com"
                            rel="noopener noreferrer"
                            target="_blank"
              >
                            hexatown.com
              </a>
                 
</div>,
          ],
          "className": "NavigationFooterContent ms-font-m",
        },
        "ref": null,
        "rendered": Array [
          Object {
            "instance": null,
            "key": undefined,
            "nodeType": "host",
            "props": Object {
              "children": Array [
                "Version ",
                <VersionId />,
              ],
              "style": Object {
                "float": "right",
              },
            },
            "ref": null,
            "rendered": Array [
              "Version ",
              Object {
                "instance": null,
                "key": undefined,
                "nodeType": "class",
                "props": Object {},
                "ref": null,
                "rendered": null,
                "type": [Function],
              },
            ],
            "type": "div",
          },
          Object {
            "instance": null,
            "key": undefined,
            "nodeType": "host",
            "props": Object {
              "children": Array [
                "Orginal Design ©2017-18 ",
                <a
                  href="https://twitter.com/thatmattwade"
                  rel="noopener noreferrer"
                  target="_blank"
>
                  Matt Wade
</a>,
                " & ",
                <a
                  href="http://icansharepoint.com"
                  rel="noopener noreferrer"
                  target="_blank"
>
                  icansharepoint.com
</a>,
                "  Web Development ©2017-18  ",
                <a
                  href="https://twitter.com/niegrejoh"
                  rel="noopener noreferrer"
                  target="_blank"
>
                  Niels Gregers Johansen
</a>,
                "  ",
                <a
                  href="https://www.hexatown.com"
                  rel="noopener noreferrer"
                  target="_blank"
>
                  hexatown.com
</a>,
                "   ",
              ],
            },
            "ref": null,
            "rendered": Array [
              "Orginal Design ©2017-18 ",
              Object {
                "instance": null,
                "key": undefined,
                "nodeType": "host",
                "props": Object {
                  "children": "Matt Wade",
                  "href": "https://twitter.com/thatmattwade",
                  "rel": "noopener noreferrer",
                  "target": "_blank",
                },
                "ref": null,
                "rendered": "Matt Wade",
                "type": "a",
              },
              " & ",
              Object {
                "instance": null,
                "key": undefined,
                "nodeType": "host",
                "props": Object {
                  "children": "icansharepoint.com",
                  "href": "http://icansharepoint.com",
                  "rel": "noopener noreferrer",
                  "target": "_blank",
                },
                "ref": null,
                "rendered": "icansharepoint.com",
                "type": "a",
              },
              "  Web Development ©2017-18  ",
              Object {
                "instance": null,
                "key": undefined,
                "nodeType": "host",
                "props": Object {
                  "children": "Niels Gregers Johansen",
                  "href": "https://twitter.com/niegrejoh",
                  "rel": "noopener noreferrer",
                  "target": "_blank",
                },
                "ref": null,
                "rendered": "Niels Gregers Johansen",
                "type": "a",
              },
              "  ",
              Object {
                "instance": null,
                "key": undefined,
                "nodeType": "host",
                "props": Object {
                  "children": "hexatown.com",
                  "href": "https://www.hexatown.com",
                  "rel": "noopener noreferrer",
                  "target": "_blank",
                },
                "ref": null,
                "rendered": "hexatown.com",
                "type": "a",
              },
              "   ",
            ],
            "type": "div",
          },
        ],
        "type": "div",
      },
      "type": "div",
    },
  ],
  Symbol(enzyme.__options__): Object {
    "adapter": ReactSixteenAdapter {
      "options": Object {
        "enableComponentDidUpdateOnSetState": true,
      },
    },
  },
}
`;
