// Jest Snapshot v1, https://goo.gl/fbAQLP

exports[`Check that it renders 1`] = `
ShallowWrapper {
  "length": 1,
  Symbol(enzyme.__root__): [Circular],
  Symbol(enzyme.__unrendered__): <ToolScenarioDetails
    area="SharePoint"
    domain="office365"
    language="en"
    name="Increase employee engagement of firstline workers"
/>,
  Symbol(enzyme.__renderer__): Object {
    "batchedUpdates": [Function],
    "getNode": [Function],
    "render": [Function],
    "simulateEvent": [Function],
    "unmount": [Function],
  },
  Symbol(enzyme.__node__): Object {
    "instance": null,
    "key": undefined,
    "nodeType": "host",
    "props": Object {
      "children": Array [
        <div
          className="ms-font-l"
/>,
        <div
          className="ms-font-m"
          dangerouslySetInnerHTML={
                    Object {
                              "__html": undefined,
                            }
          }
          style={
                    Object {
                              "maxHeight": "250px",
                              "overflowX": "hidden",
                              "overflowY": "auto",
                              "padding": "10px",
                            }
          }
/>,
        <Unknown
          to="/scenario/office365"
>
          office365
          :
          SharePoint
           
</Unknown>,
      ],
    },
    "ref": null,
    "rendered": Array [
      Object {
        "instance": null,
        "key": undefined,
        "nodeType": "host",
        "props": Object {
          "children": undefined,
          "className": "ms-font-l",
        },
        "ref": null,
        "rendered": null,
        "type": "div",
      },
      Object {
        "instance": null,
        "key": undefined,
        "nodeType": "host",
        "props": Object {
          "className": "ms-font-m",
          "dangerouslySetInnerHTML": Object {
            "__html": undefined,
          },
          "style": Object {
            "maxHeight": "250px",
            "overflowX": "hidden",
            "overflowY": "auto",
            "padding": "10px",
          },
        },
        "ref": null,
        "rendered": null,
        "type": "div",
      },
      Object {
        "instance": null,
        "key": undefined,
        "nodeType": "function",
        "props": Object {
          "children": Array [
            "office365",
            ":",
            "SharePoint",
            " ",
          ],
          "to": "/scenario/office365",
        },
        "ref": null,
        "rendered": Array [
          "office365",
          ":",
          "SharePoint",
          " ",
        ],
        "type": Object {
          "$$typeof": Symbol(react.forward_ref),
          "render": [Function],
        },
      },
    ],
    "type": "div",
  },
  Symbol(enzyme.__nodes__): Array [
    Object {
      "instance": null,
      "key": undefined,
      "nodeType": "host",
      "props": Object {
        "children": Array [
          <div
            className="ms-font-l"
/>,
          <div
            className="ms-font-m"
            dangerouslySetInnerHTML={
                        Object {
                                    "__html": undefined,
                                  }
            }
            style={
                        Object {
                                    "maxHeight": "250px",
                                    "overflowX": "hidden",
                                    "overflowY": "auto",
                                    "padding": "10px",
                                  }
            }
/>,
          <Unknown
            to="/scenario/office365"
>
            office365
            :
            SharePoint
             
</Unknown>,
        ],
      },
      "ref": null,
      "rendered": Array [
        Object {
          "instance": null,
          "key": undefined,
          "nodeType": "host",
          "props": Object {
            "children": undefined,
            "className": "ms-font-l",
          },
          "ref": null,
          "rendered": null,
          "type": "div",
        },
        Object {
          "instance": null,
          "key": undefined,
          "nodeType": "host",
          "props": Object {
            "className": "ms-font-m",
            "dangerouslySetInnerHTML": Object {
              "__html": undefined,
            },
            "style": Object {
              "maxHeight": "250px",
              "overflowX": "hidden",
              "overflowY": "auto",
              "padding": "10px",
            },
          },
          "ref": null,
          "rendered": null,
          "type": "div",
        },
        Object {
          "instance": null,
          "key": undefined,
          "nodeType": "function",
          "props": Object {
            "children": Array [
              "office365",
              ":",
              "SharePoint",
              " ",
            ],
            "to": "/scenario/office365",
          },
          "ref": null,
          "rendered": Array [
            "office365",
            ":",
            "SharePoint",
            " ",
          ],
          "type": Object {
            "$$typeof": Symbol(react.forward_ref),
            "render": [Function],
          },
        },
      ],
      "type": "div",
    },
  ],
  Symbol(enzyme.__options__): Object {
    "adapter": ReactSixteenAdapter {
      "options": Object {
        "enableComponentDidUpdateOnSetState": true,
      },
    },
  },
}
`;
